2025-03-08 18:11:15,212 - root - INFO - Logging initialized
2025-03-08 18:11:15,212 - root - INFO - Starting Bizagi Process Simulator
2025-03-08 18:11:15,212 - root - INFO - NetworkX compatibility patch applied
2025-03-08 18:11:15,212 - root - INFO - Settings loaded from bizagi_simulator_settings.json
2025-03-08 18:11:15,212 - root - INFO - Configuration loaded
2025-03-08 18:11:15,564 - root - INFO - Application UI initialized
2025-03-08 18:13:11,144 - root - INFO - Settings saved to bizagi_simulator_settings.json
2025-03-08 18:13:15,881 - root - INFO - Loading data...
2025-03-08 18:13:15,917 - root - INFO - Successfully loaded XPDL file: C:/Users/kcmclau.EVOFORGE/Repos/bizagi_simulations/Bizagi/5.5_1/5.5.13 Real Property-Monthly Reviews-Inclusive.xpdl
2025-03-08 18:13:18,759 - root - INFO - Successfully loaded metrics from C:/Users/kcmclau.EVOFORGE/Repos/bizagi_simulations/Bizagi/simulation_metrics-inclusive.xlsx
2025-03-08 18:13:18,759 - root - INFO - Loaded 8 rows with columns: name, type, resource, available resources, avg time, min time, max time, yes, no, arrival interval, max arrival count
2025-03-08 18:13:18,775 - root - INFO - Preprocessed simulation metrics data
2025-03-08 18:13:18,775 - root - INFO - Setting up simulation...
2025-03-08 18:13:18,775 - root - INFO - Scheduling tokens...
2025-03-08 18:13:18,775 - root - INFO - Scheduling 10 tokens with triangular distribution...
2025-03-08 18:13:18,775 - root - ERROR - Simulation error: No start nodes found in the process model.
Traceback (most recent call last):
  File "c:\Users\kcmclau.EVOFORGE\Repos\bizagi_simulations\core\simulation_runner.py", line 142, in _run_simulation
    tokens_scheduled = self._schedule_tokens_with_triangular_distribution(
                       ^^^^^^^^^^^^^^^^^^^^^^^^^^^^^^^^^^^^^^^^^^^^^^^^^^^
  File "c:\Users\kcmclau.EVOFORGE\Repos\bizagi_simulations\core\simulation_runner.py", line 205, in _schedule_tokens_with_triangular_distribution
    raise ValueError("No start nodes found in the process model.")
ValueError: No start nodes found in the process model.
2025-03-08 18:19:07,568 - root - INFO - Settings saved to bizagi_simulator_settings.json
2025-03-08 18:19:09,436 - root - INFO - Application exited normally
