2025-03-07 16:10:21,642 - root - INFO - Logging initialized
2025-03-07 16:10:21,652 - root - INFO - Starting Bizagi Process Simulator
2025-03-07 16:10:21,652 - root - INFO - NetworkX compatibility patch applied
2025-03-07 16:10:21,652 - root - INFO - Settings loaded from bizagi_simulator_settings.json
2025-03-07 16:10:21,652 - root - INFO - Configuration loaded
2025-03-07 16:10:21,943 - root - INFO - Application UI initialized
2025-03-07 16:10:25,055 - root - INFO - XPDL parsed into sequences: 5.5.13 Real Property-Monthly Reviews-Inclusive_sequences.txt
2025-03-07 16:10:25,055 - root - INFO - Process model built with 9 nodes and 11 edges
2025-03-07 16:10:25,055 - root - INFO - Process paths written to: 5.5.13 Real Property-Monthly Reviews-Inclusive_process_paths.txt
2025-03-07 16:11:06,096 - root - INFO - Simulation started at 2025-03-07 16:11:06
2025-03-07 16:11:06,096 - root - INFO - Configuration:
2025-03-07 16:11:06,112 - root - INFO -   xpdl_file_path: C:/Users/kcmclau.EVOFORGE/Repos/bizagi_simulations/Bizagi/5.5_1/5.5.13 Real Property-Monthly Reviews-Inclusive.xpdl
2025-03-07 16:11:06,112 - root - INFO -   metrics_file_path: C:/Users/kcmclau.EVOFORGE/Repos/bizagi_simulations/Bizagi/simulation_metrics-inclusive.xlsx
2025-03-07 16:11:06,112 - root - INFO -   simulation_days: 50
2025-03-07 16:11:06,112 - root - INFO -   target_avg_time: 0.0
2025-03-07 16:11:06,112 - root - INFO -   random_seed: 10
2025-03-07 16:11:06,112 - root - INFO -   workdays: [True, True, True, True, True, False, False]
2025-03-07 16:11:06,112 - root - INFO -   work_hours_start: 7
2025-03-07 16:11:06,112 - root - INFO -   work_hours_end: 13
2025-03-07 16:11:06,169 - root - INFO - Process model saved to: process_model_20250307_161106.json
2025-03-07 16:11:06,708 - root - ERROR - Error in simulation: 'ProcessModel' object has no attribute 'get_node'
Traceback (most recent call last):
  File "c:\Users\kcmclau.EVOFORGE\Repos\bizagi_simulations\core\simulation_runner.py", line 116, in _run_simulation
    node_data = process_model.get_node(start_node)
                ^^^^^^^^^^^^^^^^^^^^^^
AttributeError: 'ProcessModel' object has no attribute 'get_node'
2025-03-07 16:11:06,710 - root - ERROR - An error occurred during simulation: 'ProcessModel' object has no attribute 'get_node'
2025-03-07 16:16:40,525 - root - INFO - Application exited normally
