2025-03-08 18:20:18,477 - root - INFO - Logging initialized
2025-03-08 18:20:18,477 - root - INFO - Starting Bizagi Process Simulator
2025-03-08 18:20:18,477 - root - INFO - NetworkX compatibility patch applied
2025-03-08 18:20:18,493 - root - INFO - Settings loaded from bizagi_simulator_settings.json
2025-03-08 18:20:18,493 - root - INFO - Configuration loaded
2025-03-08 18:20:18,888 - root - INFO - Application UI initialized
2025-03-08 18:20:28,807 - root - INFO - Loading data...
2025-03-08 18:20:28,807 - root - INFO - Successfully loaded XPDL file: C:/Users/kcmclau.EVOFORGE/Repos/bizagi_simulations/Bizagi/5.5_1/5.5.13 Real Property-Monthly Reviews-Inclusive.xpdl
2025-03-08 18:20:29,104 - root - INFO - Successfully loaded metrics from C:/Users/kcmclau.EVOFORGE/Repos/bizagi_simulations/Bizagi/simulation_metrics-inclusive.xlsx
2025-03-08 18:20:29,104 - root - INFO - Loaded 8 rows with columns: name, type, resource, available resources, avg time, min time, max time, yes, no, arrival interval, max arrival count
2025-03-08 18:20:29,104 - root - INFO - Preprocessed simulation metrics data
2025-03-08 18:20:29,104 - root - INFO - Building process model from XPDL...
2025-03-08 18:20:29,120 - root - INFO - Setting up simulation...
2025-03-08 18:20:29,130 - root - ERROR - Simulation error: 'DiGraph' object has no attribute 'get_all_resources'
Traceback (most recent call last):
  File "c:\Users\kcmclau.EVOFORGE\Repos\bizagi_simulations\core\simulation_runner.py", line 134, in _run_simulation
    engine = SimulationEngine(
             ^^^^^^^^^^^^^^^^^
  File "c:\Users\kcmclau.EVOFORGE\Repos\bizagi_simulations\core\simulation_engine.py", line 47, in __init__
    self._initialize_resources()
  File "c:\Users\kcmclau.EVOFORGE\Repos\bizagi_simulations\core\simulation_engine.py", line 61, in _initialize_resources
    resources = self.process_model.get_all_resources()
                ^^^^^^^^^^^^^^^^^^^^^^^^^^^^^^^^^^^^
AttributeError: 'DiGraph' object has no attribute 'get_all_resources'
2025-03-08 18:21:02,267 - root - INFO - Application exited normally
