2025-03-08 18:33:49,702 - root - INFO - Logging initialized
2025-03-08 18:33:49,702 - root - INFO - Starting Bizagi Process Simulator
2025-03-08 18:33:49,702 - root - INFO - NetworkX compatibility patch applied
2025-03-08 18:33:49,702 - root - INFO - Settings loaded from bizagi_simulator_settings.json
2025-03-08 18:33:49,702 - root - INFO - Configuration loaded
2025-03-08 18:33:50,026 - root - INFO - Application UI initialized
2025-03-08 18:33:51,967 - root - INFO - Loading data...
2025-03-08 18:33:51,979 - root - INFO - Successfully loaded XPDL file: C:/Users/kcmclau.EVOFORGE/Repos/bizagi_simulations/Bizagi/5.5_1/5.5.13 Real Property-Monthly Reviews-Inclusive.xpdl
2025-03-08 18:33:52,259 - root - INFO - Successfully loaded metrics from C:/Users/kcmclau.EVOFORGE/Repos/bizagi_simulations/Bizagi/simulation_metrics-inclusive.xlsx
2025-03-08 18:33:52,259 - root - INFO - Loaded 8 rows with columns: name, type, resource, available resources, avg time, min time, max time, yes, no, arrival interval, max arrival count
2025-03-08 18:33:52,259 - root - INFO - Preprocessed simulation metrics data
2025-03-08 18:33:52,259 - root - INFO - Building process model from XPDL...
2025-03-08 18:33:52,275 - root - INFO - Converting graph to ProcessModel...
2025-03-08 18:33:52,275 - root - INFO - Built process model with 9 nodes and 11 links
2025-03-08 18:33:52,275 - root - INFO - Found 1 start nodes: ['Monthly']
2025-03-08 18:33:52,275 - root - INFO - Setting up simulation...
2025-03-08 18:33:52,275 - root - INFO - Scheduling tokens...
2025-03-08 18:33:52,290 - root - INFO - Scheduling 10 tokens with triangular distribution...
2025-03-08 18:33:52,479 - root - INFO - Scheduling up to 10 tokens over 77041 available minutes
2025-03-08 18:33:52,479 - root - INFO - Scheduled Token-1 to start at 2025-03-10 08:00:00.
2025-03-08 18:33:52,479 - root - INFO - Scheduled Token-2 to start at 2025-03-10 08:06:14.604543.
2025-03-08 18:33:52,479 - root - INFO - Scheduled Token-3 to start at 2025-03-10 08:12:08.038846.
2025-03-08 18:33:52,479 - root - INFO - Scheduled Token-4 to start at 2025-03-10 08:18:16.933124.
2025-03-08 18:33:52,479 - root - INFO - Scheduled Token-5 to start at 2025-03-10 08:24:17.809026.
2025-03-08 18:33:52,479 - root - INFO - Scheduled Token-6 to start at 2025-03-10 08:30:33.221004.
2025-03-08 18:33:52,479 - root - INFO - Scheduled Token-7 to start at 2025-03-10 08:35:17.868587.
2025-03-08 18:33:52,479 - root - INFO - Scheduled Token-8 to start at 2025-03-10 08:41:12.323512.
2025-03-08 18:33:52,479 - root - INFO - Scheduled Token-9 to start at 2025-03-10 08:47:05.539288.
2025-03-08 18:33:52,479 - root - INFO - Scheduled Token-10 to start at 2025-03-10 08:52:56.051330.
2025-03-08 18:33:52,479 - root - INFO - Scheduled 10 tokens. Running simulation...
2025-03-08 18:33:52,479 - root - INFO - Starting simulation...
2025-03-08 18:33:52,479 - root - INFO - Token Token-1 started task 'Monthly' at 2025-03-10 08:00:00, scheduled to end at 2025-03-10 08:00:00 (processing time: 0.00 min)
2025-03-08 18:33:52,479 - root - INFO - Token Token-1 completed task 'Monthly' at 2025-03-10 08:00:00.
2025-03-08 18:33:52,479 - root - INFO - Token Token-1 started task 'Review AM using Asset Change Tracker (5.5.13.1)' at 2025-03-10 08:00:00, scheduled to end at 2025-03-10 08:07:23.158318 (processing time: 7.39 min)
2025-03-08 18:33:52,479 - root - INFO - Token Token-2 started task 'Monthly' at 2025-03-10 08:06:14.604543, scheduled to end at 2025-03-10 08:06:14.604543 (processing time: 0.00 min)
2025-03-08 18:33:52,479 - root - INFO - Token Token-2 completed task 'Monthly' at 2025-03-10 08:06:14.604543.
2025-03-08 18:33:52,479 - root - INFO - Token Token-2 waiting for resource 'Tech' at 2025-03-10 08:06:14.604543
2025-03-08 18:33:52,479 - root - INFO - Token Token-1 completed task 'Review AM using Asset Change Tracker (5.5.13.1)' at 2025-03-10 08:07:23.158318.
2025-03-08 18:33:52,479 - root - INFO - Token Token-2 released from wait queue for 'Tech'
2025-03-08 18:33:52,479 - root - INFO - Token Token-2 waited 1.14 minutes for resource
2025-03-08 18:33:52,479 - root - INFO - Token Token-2 started task 'Review AM using Asset Change Tracker (5.5.13.1)' at 2025-03-10 08:07:23.158318, scheduled to end at 2025-03-10 08:14:00.859734 (processing time: 6.63 min)
2025-03-08 18:33:52,479 - root - INFO - Token Token-1 started task 'Complete /Accurate?' at 2025-03-10 08:07:23.158318, scheduled to end at 2025-03-10 08:07:23.158318 (processing time: 0.00 min)
2025-03-08 18:33:52,479 - root - INFO - Token Token-1 completed task 'Complete /Accurate?' at 2025-03-10 08:07:23.158318.
2025-03-08 18:33:52,479 - root - INFO - Token Token-1 waiting for resource 'Tech' at 2025-03-10 08:07:23.158318
2025-03-08 18:33:52,479 - root - INFO - Token Token-3 started task 'Monthly' at 2025-03-10 08:12:08.038846, scheduled to end at 2025-03-10 08:12:08.038846 (processing time: 0.00 min)
2025-03-08 18:33:52,479 - root - INFO - Token Token-3 completed task 'Monthly' at 2025-03-10 08:12:08.038846.
2025-03-08 18:33:52,494 - root - INFO - Token Token-3 waiting for resource 'Tech' at 2025-03-10 08:12:08.038846
2025-03-08 18:33:52,494 - root - INFO - Token Token-2 completed task 'Review AM using Asset Change Tracker (5.5.13.1)' at 2025-03-10 08:14:00.859734.
2025-03-08 18:33:52,494 - root - INFO - Token Token-1 released from wait queue for 'Tech'
2025-03-08 18:33:52,494 - root - INFO - Token Token-1 waited 6.63 minutes for resource
2025-03-08 18:33:52,494 - root - INFO - Token Token-1 started task 'Note Accuracy in Asset Change Tracker (5.5.13.2)' at 2025-03-10 08:14:00.859734, scheduled to end at 2025-03-10 08:18:48.850773 (processing time: 4.80 min)
2025-03-08 18:33:52,494 - root - INFO - Token Token-2 started task 'Complete /Accurate?' at 2025-03-10 08:14:00.859734, scheduled to end at 2025-03-10 08:14:00.859734 (processing time: 0.00 min)
2025-03-08 18:33:52,494 - root - INFO - Token Token-2 completed task 'Complete /Accurate?' at 2025-03-10 08:14:00.859734.
2025-03-08 18:33:52,494 - root - INFO - Token Token-2 waiting for resource 'Tech' at 2025-03-10 08:14:00.859734
2025-03-08 18:33:52,494 - root - INFO - Token Token-4 started task 'Monthly' at 2025-03-10 08:18:16.933124, scheduled to end at 2025-03-10 08:18:16.933124 (processing time: 0.00 min)
2025-03-08 18:33:52,494 - root - INFO - Token Token-4 completed task 'Monthly' at 2025-03-10 08:18:16.933124.
2025-03-08 18:33:52,494 - root - INFO - Token Token-4 waiting for resource 'Tech' at 2025-03-10 08:18:16.933124
2025-03-08 18:33:52,494 - root - INFO - Token Token-1 completed task 'Note Accuracy in Asset Change Tracker (5.5.13.2)' at 2025-03-10 08:18:48.850773.
2025-03-08 18:33:52,494 - root - INFO - Token Token-3 released from wait queue for 'Tech'
2025-03-08 18:33:52,494 - root - INFO - Token Token-3 waited 6.68 minutes for resource
2025-03-08 18:33:52,494 - root - INFO - Token Token-3 started task 'Review AM using Asset Change Tracker (5.5.13.1)' at 2025-03-10 08:18:48.850773, scheduled to end at 2025-03-10 08:27:35.703969 (processing time: 8.78 min)
2025-03-08 18:33:52,494 - root - INFO - Token Token-1 started task 'Unknown' at 2025-03-10 08:18:48.850773, scheduled to end at 2025-03-10 08:18:48.850773 (processing time: 0.00 min)
2025-03-08 18:33:52,494 - root - INFO - Token Token-1 completed task 'Unknown' at 2025-03-10 08:18:48.850773.
2025-03-08 18:33:52,494 - root - INFO - Token Token-1 has completed the entire process at 2025-03-10 08:18:48.850773.
2025-03-08 18:33:52,494 - root - INFO - Token Token-5 started task 'Monthly' at 2025-03-10 08:24:17.809026, scheduled to end at 2025-03-10 08:24:17.809026 (processing time: 0.00 min)
2025-03-08 18:33:52,494 - root - INFO - Token Token-5 completed task 'Monthly' at 2025-03-10 08:24:17.809026.
2025-03-08 18:33:52,494 - root - INFO - Token Token-5 waiting for resource 'Tech' at 2025-03-10 08:24:17.809026
2025-03-08 18:33:52,494 - root - INFO - Token Token-3 completed task 'Review AM using Asset Change Tracker (5.5.13.1)' at 2025-03-10 08:27:35.703969.
2025-03-08 18:33:52,494 - root - INFO - Token Token-2 released from wait queue for 'Tech'
2025-03-08 18:33:52,494 - root - INFO - Token Token-2 waited 13.58 minutes for resource
2025-03-08 18:33:52,494 - root - INFO - Token Token-2 started task 'Note Accuracy in Asset Change Tracker (5.5.13.2)' at 2025-03-10 08:27:35.703969, scheduled to end at 2025-03-10 08:34:02.051536 (processing time: 6.44 min)
2025-03-08 18:33:52,494 - root - INFO - Token Token-3 started task 'Complete /Accurate?' at 2025-03-10 08:27:35.703969, scheduled to end at 2025-03-10 08:27:35.703969 (processing time: 0.00 min)
2025-03-08 18:33:52,494 - root - INFO - Token Token-3 completed task 'Complete /Accurate?' at 2025-03-10 08:27:35.703969.
2025-03-08 18:33:52,494 - root - INFO - Token Token-3 waiting for resource 'Tech' at 2025-03-10 08:27:35.703969
2025-03-08 18:33:52,494 - root - INFO - Token Token-6 started task 'Monthly' at 2025-03-10 08:30:33.221004, scheduled to end at 2025-03-10 08:30:33.221004 (processing time: 0.00 min)
2025-03-08 18:33:52,494 - root - INFO - Token Token-6 completed task 'Monthly' at 2025-03-10 08:30:33.221004.
2025-03-08 18:33:52,494 - root - INFO - Token Token-6 waiting for resource 'Tech' at 2025-03-10 08:30:33.221004
2025-03-08 18:33:52,494 - root - INFO - Token Token-2 completed task 'Note Accuracy in Asset Change Tracker (5.5.13.2)' at 2025-03-10 08:34:02.051536.
2025-03-08 18:33:52,494 - root - INFO - Token Token-4 released from wait queue for 'Tech'
2025-03-08 18:33:52,494 - root - INFO - Token Token-4 waited 15.75 minutes for resource
2025-03-08 18:33:52,494 - root - INFO - Token Token-4 started task 'Review AM using Asset Change Tracker (5.5.13.1)' at 2025-03-10 08:34:02.051536, scheduled to end at 2025-03-10 08:41:50.027426 (processing time: 7.80 min)
2025-03-08 18:33:52,494 - root - INFO - Token Token-2 started task 'Unknown' at 2025-03-10 08:34:02.051536, scheduled to end at 2025-03-10 08:34:02.051536 (processing time: 0.00 min)
2025-03-08 18:33:52,494 - root - INFO - Token Token-2 completed task 'Unknown' at 2025-03-10 08:34:02.051536.
2025-03-08 18:33:52,494 - root - INFO - Token Token-2 has completed the entire process at 2025-03-10 08:34:02.051536.
2025-03-08 18:33:52,494 - root - INFO - Token Token-7 started task 'Monthly' at 2025-03-10 08:35:17.868587, scheduled to end at 2025-03-10 08:35:17.868587 (processing time: 0.00 min)
2025-03-08 18:33:52,494 - root - INFO - Token Token-7 completed task 'Monthly' at 2025-03-10 08:35:17.868587.
2025-03-08 18:33:52,494 - root - INFO - Token Token-7 waiting for resource 'Tech' at 2025-03-10 08:35:17.868587
2025-03-08 18:33:52,494 - root - INFO - Token Token-8 started task 'Monthly' at 2025-03-10 08:41:12.323512, scheduled to end at 2025-03-10 08:41:12.323512 (processing time: 0.00 min)
2025-03-08 18:33:52,494 - root - INFO - Token Token-8 completed task 'Monthly' at 2025-03-10 08:41:12.323512.
2025-03-08 18:33:52,494 - root - INFO - Token Token-8 waiting for resource 'Tech' at 2025-03-10 08:41:12.323512
2025-03-08 18:33:52,494 - root - INFO - Token Token-4 completed task 'Review AM using Asset Change Tracker (5.5.13.1)' at 2025-03-10 08:41:50.027426.
2025-03-08 18:33:52,494 - root - INFO - Token Token-5 released from wait queue for 'Tech'
2025-03-08 18:33:52,494 - root - INFO - Token Token-5 waited 17.54 minutes for resource
2025-03-08 18:33:52,494 - root - INFO - Token Token-5 started task 'Review AM using Asset Change Tracker (5.5.13.1)' at 2025-03-10 08:41:50.027426, scheduled to end at 2025-03-10 08:51:19.991080 (processing time: 9.50 min)
2025-03-08 18:33:52,494 - root - INFO - Token Token-4 started task 'Complete /Accurate?' at 2025-03-10 08:41:50.027426, scheduled to end at 2025-03-10 08:41:50.027426 (processing time: 0.00 min)
2025-03-08 18:33:52,494 - root - INFO - Token Token-4 completed task 'Complete /Accurate?' at 2025-03-10 08:41:50.027426.
2025-03-08 18:33:52,494 - root - INFO - Token Token-4 waiting for resource 'Tech' at 2025-03-10 08:41:50.027426
2025-03-08 18:33:52,494 - root - INFO - Token Token-9 started task 'Monthly' at 2025-03-10 08:47:05.539288, scheduled to end at 2025-03-10 08:47:05.539288 (processing time: 0.00 min)
2025-03-08 18:33:52,494 - root - INFO - Token Token-9 completed task 'Monthly' at 2025-03-10 08:47:05.539288.
2025-03-08 18:33:52,494 - root - INFO - Token Token-9 waiting for resource 'Tech' at 2025-03-10 08:47:05.539288
2025-03-08 18:33:52,494 - root - INFO - Token Token-5 completed task 'Review AM using Asset Change Tracker (5.5.13.1)' at 2025-03-10 08:51:19.991080.
2025-03-08 18:33:52,494 - root - INFO - Token Token-3 released from wait queue for 'Tech'
2025-03-08 18:33:52,494 - root - INFO - Token Token-3 waited 23.74 minutes for resource
2025-03-08 18:33:52,494 - root - INFO - Token Token-3 started task 'Note Accuracy in Asset Change Tracker (5.5.13.2)' at 2025-03-10 08:51:19.991080, scheduled to end at 2025-03-10 08:55:36.692114 (processing time: 4.28 min)
2025-03-08 18:33:52,494 - root - INFO - Token Token-5 started task 'Complete /Accurate?' at 2025-03-10 08:51:19.991080, scheduled to end at 2025-03-10 08:51:19.991080 (processing time: 0.00 min)
2025-03-08 18:33:52,510 - root - INFO - Token Token-5 completed task 'Complete /Accurate?' at 2025-03-10 08:51:19.991080.
2025-03-08 18:33:52,510 - root - INFO - Token Token-5 waiting for resource 'Tech' at 2025-03-10 08:51:19.991080
2025-03-08 18:33:52,510 - root - INFO - Token Token-10 started task 'Monthly' at 2025-03-10 08:52:56.051330, scheduled to end at 2025-03-10 08:52:56.051330 (processing time: 0.00 min)
2025-03-08 18:33:52,510 - root - INFO - Token Token-10 completed task 'Monthly' at 2025-03-10 08:52:56.051330.
2025-03-08 18:33:52,510 - root - INFO - Token Token-10 waiting for resource 'Tech' at 2025-03-10 08:52:56.051330
2025-03-08 18:33:52,510 - root - INFO - Token Token-3 completed task 'Note Accuracy in Asset Change Tracker (5.5.13.2)' at 2025-03-10 08:55:36.692114.
2025-03-08 18:33:52,510 - root - INFO - Token Token-6 released from wait queue for 'Tech'
2025-03-08 18:33:52,510 - root - INFO - Token Token-6 waited 25.06 minutes for resource
2025-03-08 18:33:52,510 - root - INFO - Token Token-6 started task 'Review AM using Asset Change Tracker (5.5.13.1)' at 2025-03-10 08:55:36.692114, scheduled to end at 2025-03-10 09:02:39.165226 (processing time: 7.04 min)
2025-03-08 18:33:52,510 - root - INFO - Token Token-3 started task 'Unknown' at 2025-03-10 08:55:36.692114, scheduled to end at 2025-03-10 08:55:36.692114 (processing time: 0.00 min)
2025-03-08 18:33:52,510 - root - INFO - Token Token-3 completed task 'Unknown' at 2025-03-10 08:55:36.692114.
2025-03-08 18:33:52,510 - root - INFO - Token Token-3 has completed the entire process at 2025-03-10 08:55:36.692114.
2025-03-08 18:33:52,510 - root - INFO - Token Token-6 completed task 'Review AM using Asset Change Tracker (5.5.13.1)' at 2025-03-10 09:02:39.165226.
2025-03-08 18:33:52,510 - root - INFO - Token Token-7 released from wait queue for 'Tech'
2025-03-08 18:33:52,510 - root - INFO - Token Token-7 waited 27.35 minutes for resource
2025-03-08 18:33:52,510 - root - INFO - Token Token-7 started task 'Review AM using Asset Change Tracker (5.5.13.1)' at 2025-03-10 09:02:39.165226, scheduled to end at 2025-03-10 09:11:06.407830 (processing time: 8.45 min)
2025-03-08 18:33:52,510 - root - INFO - Token Token-6 started task 'Complete /Accurate?' at 2025-03-10 09:02:39.165226, scheduled to end at 2025-03-10 09:02:39.165226 (processing time: 0.00 min)
2025-03-08 18:33:52,510 - root - INFO - Token Token-6 completed task 'Complete /Accurate?' at 2025-03-10 09:02:39.165226.
2025-03-08 18:33:52,510 - root - INFO - Token Token-6 waiting for resource 'Tech' at 2025-03-10 09:02:39.165226
2025-03-08 18:33:52,510 - root - INFO - Token Token-7 completed task 'Review AM using Asset Change Tracker (5.5.13.1)' at 2025-03-10 09:11:06.407830.
2025-03-08 18:33:52,510 - root - INFO - Token Token-8 released from wait queue for 'Tech'
2025-03-08 18:33:52,510 - root - INFO - Token Token-8 waited 29.90 minutes for resource
2025-03-08 18:33:52,510 - root - INFO - Token Token-8 started task 'Review AM using Asset Change Tracker (5.5.13.1)' at 2025-03-10 09:11:06.407830, scheduled to end at 2025-03-10 09:19:09.456278 (processing time: 8.05 min)
2025-03-08 18:33:52,510 - root - INFO - Token Token-7 started task 'Complete /Accurate?' at 2025-03-10 09:11:06.407830, scheduled to end at 2025-03-10 09:11:06.407830 (processing time: 0.00 min)
2025-03-08 18:33:52,510 - root - INFO - Token Token-7 completed task 'Complete /Accurate?' at 2025-03-10 09:11:06.407830.
2025-03-08 18:33:52,510 - root - INFO - Token Token-7 waiting for resource 'Tech' at 2025-03-10 09:11:06.407830
2025-03-08 18:33:52,510 - root - INFO - Token Token-8 completed task 'Review AM using Asset Change Tracker (5.5.13.1)' at 2025-03-10 09:19:09.456278.
2025-03-08 18:33:52,510 - root - INFO - Token Token-4 released from wait queue for 'Tech'
2025-03-08 18:33:52,510 - root - INFO - Token Token-4 waited 37.32 minutes for resource
2025-03-08 18:33:52,510 - root - INFO - Token Token-4 started task 'Note Accuracy in Asset Change Tracker (5.5.13.2)' at 2025-03-10 09:19:09.456278, scheduled to end at 2025-03-10 09:24:45.989858 (processing time: 5.61 min)
2025-03-08 18:33:52,510 - root - INFO - Token Token-8 started task 'Complete /Accurate?' at 2025-03-10 09:19:09.456278, scheduled to end at 2025-03-10 09:19:09.456278 (processing time: 0.00 min)
2025-03-08 18:33:52,510 - root - INFO - Token Token-8 completed task 'Complete /Accurate?' at 2025-03-10 09:19:09.456278.
2025-03-08 18:33:52,510 - root - INFO - Token Token-8 waiting for resource 'Tech' at 2025-03-10 09:19:09.456278
2025-03-08 18:33:52,510 - root - INFO - Token Token-4 completed task 'Note Accuracy in Asset Change Tracker (5.5.13.2)' at 2025-03-10 09:24:45.989858.
2025-03-08 18:33:52,510 - root - INFO - Token Token-9 released from wait queue for 'Tech'
2025-03-08 18:33:52,510 - root - INFO - Token Token-9 waited 37.67 minutes for resource
2025-03-08 18:33:52,510 - root - INFO - Token Token-9 started task 'Review AM using Asset Change Tracker (5.5.13.1)' at 2025-03-10 09:24:45.989858, scheduled to end at 2025-03-10 09:32:58.930180 (processing time: 8.22 min)
2025-03-08 18:33:52,510 - root - INFO - Token Token-4 started task 'Unknown' at 2025-03-10 09:24:45.989858, scheduled to end at 2025-03-10 09:24:45.989858 (processing time: 0.00 min)
2025-03-08 18:33:52,510 - root - INFO - Token Token-4 completed task 'Unknown' at 2025-03-10 09:24:45.989858.
2025-03-08 18:33:52,510 - root - INFO - Token Token-4 has completed the entire process at 2025-03-10 09:24:45.989858.
2025-03-08 18:33:52,510 - root - INFO - Token Token-9 completed task 'Review AM using Asset Change Tracker (5.5.13.1)' at 2025-03-10 09:32:58.930180.
2025-03-08 18:33:52,510 - root - INFO - Token Token-5 released from wait queue for 'Tech'
2025-03-08 18:33:52,510 - root - INFO - Token Token-5 waited 41.65 minutes for resource
2025-03-08 18:33:52,510 - root - INFO - Token Token-5 started task 'Work with REO RPO to Correct (5.5.13.3)' at 2025-03-10 09:32:58.930180, scheduled to end at 2025-03-10 11:18:56.279753 (processing time: 105.96 min)
2025-03-08 18:33:52,510 - root - INFO - Token Token-9 started task 'Complete /Accurate?' at 2025-03-10 09:32:58.930180, scheduled to end at 2025-03-10 09:32:58.930180 (processing time: 0.00 min)
2025-03-08 18:33:52,510 - root - INFO - Token Token-9 completed task 'Complete /Accurate?' at 2025-03-10 09:32:58.930180.
2025-03-08 18:33:52,510 - root - INFO - Token Token-9 waiting for resource 'Tech' at 2025-03-10 09:32:58.930180
2025-03-08 18:33:52,526 - root - INFO - Token Token-5 completed task 'Work with REO RPO to Correct (5.5.13.3)' at 2025-03-10 11:18:56.279753.
2025-03-08 18:33:52,527 - root - INFO - Token Token-10 released from wait queue for 'Tech'
2025-03-08 18:33:52,527 - root - INFO - Token Token-10 waited 146.00 minutes for resource
2025-03-08 18:33:52,527 - root - INFO - Token Token-10 started task 'Review AM using Asset Change Tracker (5.5.13.1)' at 2025-03-10 11:18:56.279753, scheduled to end at 2025-03-10 11:27:38.826932 (processing time: 8.71 min)
2025-03-08 18:33:52,528 - root - INFO - Token Token-5 started task 'Create Journal Entries?' at 2025-03-10 11:18:56.279753, scheduled to end at 2025-03-10 11:18:56.279753 (processing time: 0.00 min)
2025-03-08 18:33:52,528 - root - INFO - Token Token-5 completed task 'Create Journal Entries?' at 2025-03-10 11:18:56.279753.
2025-03-08 18:33:52,529 - root - WARNING - No probability found for condition Post, using default 0.5
2025-03-08 18:33:52,530 - root - WARNING - No probability found for condition Path 3, using default 0.5
2025-03-08 18:33:52,530 - root - INFO - Token Token-5 waiting for resource 'Tech' at 2025-03-10 11:18:56.279753
2025-03-08 18:33:52,530 - root - INFO - Token Token-10 completed task 'Review AM using Asset Change Tracker (5.5.13.1)' at 2025-03-10 11:27:38.826932.
2025-03-08 18:33:52,531 - root - INFO - Token Token-6 released from wait queue for 'Tech'
2025-03-08 18:33:52,531 - root - INFO - Token Token-6 waited 144.99 minutes for resource
2025-03-08 18:33:52,531 - root - INFO - Token Token-6 started task 'Note Accuracy in Asset Change Tracker (5.5.13.2)' at 2025-03-10 11:27:38.826932, scheduled to end at 2025-03-10 11:34:09.288587 (processing time: 6.51 min)
2025-03-08 18:33:52,532 - root - INFO - Token Token-10 started task 'Complete /Accurate?' at 2025-03-10 11:27:38.826932, scheduled to end at 2025-03-10 11:27:38.826932 (processing time: 0.00 min)
2025-03-08 18:33:52,533 - root - INFO - Token Token-10 completed task 'Complete /Accurate?' at 2025-03-10 11:27:38.826932.
2025-03-08 18:33:52,534 - root - INFO - Token Token-10 waiting for resource 'Tech' at 2025-03-10 11:27:38.826932
2025-03-08 18:33:52,534 - root - INFO - Token Token-6 completed task 'Note Accuracy in Asset Change Tracker (5.5.13.2)' at 2025-03-10 11:34:09.288587.
2025-03-08 18:33:52,535 - root - INFO - Token Token-7 released from wait queue for 'Tech'
2025-03-08 18:33:52,539 - root - INFO - Token Token-7 waited 143.05 minutes for resource
2025-03-08 18:33:52,539 - root - INFO - Token Token-7 started task 'Note Accuracy in Asset Change Tracker (5.5.13.2)' at 2025-03-10 11:34:09.288587, scheduled to end at 2025-03-10 11:40:34.676501 (processing time: 6.42 min)
2025-03-08 18:33:52,540 - root - INFO - Token Token-6 started task 'Unknown' at 2025-03-10 11:34:09.288587, scheduled to end at 2025-03-10 11:34:09.288587 (processing time: 0.00 min)
2025-03-08 18:33:52,540 - root - INFO - Token Token-6 completed task 'Unknown' at 2025-03-10 11:34:09.288587.
2025-03-08 18:33:52,541 - root - INFO - Token Token-6 has completed the entire process at 2025-03-10 11:34:09.288587.
2025-03-08 18:33:52,541 - root - INFO - Token Token-7 completed task 'Note Accuracy in Asset Change Tracker (5.5.13.2)' at 2025-03-10 11:40:34.676501.
2025-03-08 18:33:52,542 - root - INFO - Token Token-8 released from wait queue for 'Tech'
2025-03-08 18:33:52,542 - root - INFO - Token Token-8 waited 141.42 minutes for resource
2025-03-08 18:33:52,542 - root - INFO - Token Token-8 started task 'Note Accuracy in Asset Change Tracker (5.5.13.2)' at 2025-03-10 11:40:34.676501, scheduled to end at 2025-03-10 11:46:37.726278 (processing time: 6.05 min)
2025-03-08 18:33:52,543 - root - INFO - Token Token-7 started task 'Unknown' at 2025-03-10 11:40:34.676501, scheduled to end at 2025-03-10 11:40:34.676501 (processing time: 0.00 min)
2025-03-08 18:33:52,543 - root - INFO - Token Token-7 completed task 'Unknown' at 2025-03-10 11:40:34.676501.
2025-03-08 18:33:52,544 - root - INFO - Token Token-7 has completed the entire process at 2025-03-10 11:40:34.676501.
2025-03-08 18:33:52,544 - root - INFO - Token Token-8 completed task 'Note Accuracy in Asset Change Tracker (5.5.13.2)' at 2025-03-10 11:46:37.726278.
2025-03-08 18:33:52,546 - root - INFO - Token Token-9 released from wait queue for 'Tech'
2025-03-08 18:33:52,546 - root - INFO - Token Token-9 waited 133.65 minutes for resource
2025-03-08 18:33:52,546 - root - INFO - Token Token-9 started task 'Note Accuracy in Asset Change Tracker (5.5.13.2)' at 2025-03-10 11:46:37.726278, scheduled to end at 2025-03-10 11:51:10.821109 (processing time: 4.55 min)
2025-03-08 18:33:52,548 - root - INFO - Token Token-8 started task 'Unknown' at 2025-03-10 11:46:37.726278, scheduled to end at 2025-03-10 11:46:37.726278 (processing time: 0.00 min)
2025-03-08 18:33:52,549 - root - INFO - Token Token-8 completed task 'Unknown' at 2025-03-10 11:46:37.726278.
2025-03-08 18:33:52,551 - root - INFO - Token Token-8 has completed the entire process at 2025-03-10 11:46:37.726278.
2025-03-08 18:33:52,557 - root - INFO - Token Token-9 completed task 'Note Accuracy in Asset Change Tracker (5.5.13.2)' at 2025-03-10 11:51:10.821109.
2025-03-08 18:33:52,559 - root - INFO - Token Token-5 released from wait queue for 'Tech'
2025-03-08 18:33:52,560 - root - INFO - Token Token-5 waited 32.24 minutes for resource
2025-03-08 18:33:52,560 - root - INFO - Token Token-5 started task 'Note Accuracy in Asset Change Tracker (5.5.13.2)' at 2025-03-10 11:51:10.821109, scheduled to end at 2025-03-10 11:55:43.834111 (processing time: 4.55 min)
2025-03-08 18:33:52,561 - root - INFO - Token Token-9 started task 'Unknown' at 2025-03-10 11:51:10.821109, scheduled to end at 2025-03-10 11:51:10.821109 (processing time: 0.00 min)
2025-03-08 18:33:52,562 - root - INFO - Token Token-9 completed task 'Unknown' at 2025-03-10 11:51:10.821109.
2025-03-08 18:33:52,562 - root - INFO - Token Token-9 has completed the entire process at 2025-03-10 11:51:10.821109.
2025-03-08 18:33:52,563 - root - INFO - Token Token-5 completed task 'Note Accuracy in Asset Change Tracker (5.5.13.2)' at 2025-03-10 11:55:43.834111.
2025-03-08 18:33:52,563 - root - INFO - Token Token-10 released from wait queue for 'Tech'
2025-03-08 18:33:52,563 - root - INFO - Token Token-10 waited 28.08 minutes for resource
2025-03-08 18:33:52,564 - root - INFO - Token Token-10 started task 'Note Accuracy in Asset Change Tracker (5.5.13.2)' at 2025-03-10 11:55:43.834111, scheduled to end at 2025-03-10 12:02:02.217908 (processing time: 6.31 min)
2025-03-08 18:33:52,566 - root - INFO - Token Token-5 started task 'Unknown' at 2025-03-10 11:55:43.834111, scheduled to end at 2025-03-10 11:55:43.834111 (processing time: 0.00 min)
2025-03-08 18:33:52,566 - root - INFO - Token Token-5 completed task 'Unknown' at 2025-03-10 11:55:43.834111.
2025-03-08 18:33:52,567 - root - INFO - Token Token-5 has completed the entire process at 2025-03-10 11:55:43.834111.
2025-03-08 18:33:52,569 - root - INFO - Token Token-10 completed task 'Note Accuracy in Asset Change Tracker (5.5.13.2)' at 2025-03-10 12:02:02.217908.
2025-03-08 18:33:52,569 - root - INFO - Token Token-10 started task 'Unknown' at 2025-03-10 12:02:02.217908, scheduled to end at 2025-03-10 12:02:02.217908 (processing time: 0.00 min)
2025-03-08 18:33:52,569 - root - INFO - Token Token-10 completed task 'Unknown' at 2025-03-10 12:02:02.217908.
2025-03-08 18:33:52,569 - root - INFO - Token Token-10 has completed the entire process at 2025-03-10 12:02:02.217908.
2025-03-08 18:33:52,570 - root - INFO - Simulation complete. Collecting results...
2025-03-08 18:33:52,572 - root - INFO - Processing results...
2025-03-08 18:33:53,272 - root - INFO - Results exported to 5.5.13 Real Property-Monthly Reviews-Inclusive_results.xlsx
2025-03-08 18:34:57,317 - root - INFO - Application exited normally
