2025-04-07 15:52:02,820 - root - INFO - app.py:42 - Logging initialized
2025-04-07 15:52:02,820 - root - INFO - app.py:83 - Starting Bizagi Process Simulator
2025-04-07 15:52:02,820 - root - INFO - app.py:77 - NetworkX compatibility patch applied
2025-04-07 15:52:02,836 - root - INFO - config.py:75 - Settings loaded from bizagi_simulator_settings.json
2025-04-07 15:52:02,836 - root - INFO - app.py:90 - Configuration loaded
2025-04-07 15:52:03,170 - root - INFO - app.py:97 - Application UI initialized
2025-04-07 15:52:12,768 - root - DEBUG - xpdl_parser.py:44 - Using namespace: {'xpdl': 'http://www.wfmc.org/2009/XPDL2.2'}
2025-04-07 15:52:12,768 - root - DEBUG - xpdl_parser.py:61 - Found process ID: 7ce0a9cc-4461-4925-bc27-41ea783312e3
2025-04-07 15:52:12,768 - root - DEBUG - xpdl_parser.py:61 - Found process ID: ad265fa3-b69a-4649-9c76-2423c655eba4
2025-04-07 15:52:12,768 - root - DEBUG - xpdl_parser.py:74 - Found 5 activities with namespace and process ID
2025-04-07 15:52:12,768 - root - DEBUG - xpdl_parser.py:96 - Total activities found: 5
2025-04-07 15:52:12,768 - root - DEBUG - xpdl_parser.py:165 - Found start event: Start [Type: Start]
2025-04-07 15:52:12,768 - root - DEBUG - xpdl_parser.py:211 - Found start event via Event element: Start [Type: Start] [Type: Start]
2025-04-07 15:52:12,768 - root - DEBUG - xpdl_parser.py:221 - Found activity: 0aea451d-7725-432d-b2a4-d375e2f63aba -> Start [Type: Start] [Type: Start] (Start)
2025-04-07 15:52:12,768 - root - DEBUG - xpdl_parser.py:221 - Found activity: 516794c1-b8c5-4793-9fd3-c76751d8a367 -> Step 1 (Activity Step)
2025-04-07 15:52:12,768 - root - DEBUG - xpdl_parser.py:221 - Found activity: f2307a6f-2cbf-4c31-a92b-1bfe54d47e9f -> Step 2 (Activity Step)
2025-04-07 15:52:12,778 - root - DEBUG - xpdl_parser.py:221 - Found activity: 90342e2e-2c07-4461-8144-92ff7b67b09f -> Step 3 (Activity Step)
2025-04-07 15:52:12,778 - root - DEBUG - xpdl_parser.py:184 - Found end event: Stop [Type: Stop]
2025-04-07 15:52:12,778 - root - DEBUG - xpdl_parser.py:215 - Found end event via Event element: Stop [Type: Stop] [Type: Stop]
2025-04-07 15:52:12,778 - root - DEBUG - xpdl_parser.py:221 - Found activity: 5578a3da-049b-46d1-ace7-2fc276434a55 -> Stop [Type: Stop] [Type: Stop] (Stop)
2025-04-07 15:52:12,778 - root - DEBUG - xpdl_parser.py:234 - Found 4 transitions with namespace and process ID
2025-04-07 15:52:12,778 - root - DEBUG - xpdl_parser.py:324 - Found transition: 0aea451d-7725-432d-b2a4-d375e2f63aba(Start [Type: Start] [Type: Start]) -> 516794c1-b8c5-4793-9fd3-c76751d8a367(Step 1) [Activity Step]
2025-04-07 15:52:12,778 - root - DEBUG - xpdl_parser.py:324 - Found transition: 516794c1-b8c5-4793-9fd3-c76751d8a367(Step 1) -> f2307a6f-2cbf-4c31-a92b-1bfe54d47e9f(Step 2) [Activity Step]
2025-04-07 15:52:12,778 - root - DEBUG - xpdl_parser.py:324 - Found transition: f2307a6f-2cbf-4c31-a92b-1bfe54d47e9f(Step 2) -> 90342e2e-2c07-4461-8144-92ff7b67b09f(Step 3) [Activity Step]
2025-04-07 15:52:12,778 - root - DEBUG - xpdl_parser.py:324 - Found transition: 90342e2e-2c07-4461-8144-92ff7b67b09f(Step 3) -> 5578a3da-049b-46d1-ace7-2fc276434a55(Stop [Type: Stop] [Type: Stop]) [Activity Step]
2025-04-07 15:52:12,778 - root - INFO - xpdl_parser.py:353 - Found 5 activities and 4 transitions in XPDL file
2025-04-07 15:52:12,778 - root - INFO - xpdl_parser.py:354 - Generated 4 sequence rows
2025-04-07 15:52:12,778 - root - INFO - xpdl_parser.py:377 - Saved process sequences to process_1_sequences.txt
2025-04-07 15:52:12,778 - root - INFO - process_paths.py:465 - Parsing XPDL file: C:/Users/kcmclau.EVOFORGE/Repos/bizagi_simulations/Bizagi/Test Models/process_1.xpdl
2025-04-07 15:52:12,778 - root - DEBUG - xpdl_parser.py:44 - Using namespace: {'xpdl': 'http://www.wfmc.org/2009/XPDL2.2'}
2025-04-07 15:52:12,778 - root - DEBUG - xpdl_parser.py:61 - Found process ID: 7ce0a9cc-4461-4925-bc27-41ea783312e3
2025-04-07 15:52:12,778 - root - DEBUG - xpdl_parser.py:61 - Found process ID: ad265fa3-b69a-4649-9c76-2423c655eba4
2025-04-07 15:52:12,778 - root - DEBUG - xpdl_parser.py:74 - Found 5 activities with namespace and process ID
2025-04-07 15:52:12,778 - root - DEBUG - xpdl_parser.py:96 - Total activities found: 5
2025-04-07 15:52:12,778 - root - DEBUG - xpdl_parser.py:165 - Found start event: Start [Type: Start]
2025-04-07 15:52:12,778 - root - DEBUG - xpdl_parser.py:211 - Found start event via Event element: Start [Type: Start] [Type: Start]
2025-04-07 15:52:12,778 - root - DEBUG - xpdl_parser.py:221 - Found activity: 0aea451d-7725-432d-b2a4-d375e2f63aba -> Start [Type: Start] [Type: Start] (Start)
2025-04-07 15:52:12,778 - root - DEBUG - xpdl_parser.py:221 - Found activity: 516794c1-b8c5-4793-9fd3-c76751d8a367 -> Step 1 (Activity Step)
2025-04-07 15:52:12,778 - root - DEBUG - xpdl_parser.py:221 - Found activity: f2307a6f-2cbf-4c31-a92b-1bfe54d47e9f -> Step 2 (Activity Step)
2025-04-07 15:52:12,778 - root - DEBUG - xpdl_parser.py:221 - Found activity: 90342e2e-2c07-4461-8144-92ff7b67b09f -> Step 3 (Activity Step)
2025-04-07 15:52:12,778 - root - DEBUG - xpdl_parser.py:184 - Found end event: Stop [Type: Stop]
2025-04-07 15:52:12,778 - root - DEBUG - xpdl_parser.py:215 - Found end event via Event element: Stop [Type: Stop] [Type: Stop]
2025-04-07 15:52:12,778 - root - DEBUG - xpdl_parser.py:221 - Found activity: 5578a3da-049b-46d1-ace7-2fc276434a55 -> Stop [Type: Stop] [Type: Stop] (Stop)
2025-04-07 15:52:12,778 - root - DEBUG - xpdl_parser.py:234 - Found 4 transitions with namespace and process ID
2025-04-07 15:52:12,778 - root - DEBUG - xpdl_parser.py:324 - Found transition: 0aea451d-7725-432d-b2a4-d375e2f63aba(Start [Type: Start] [Type: Start]) -> 516794c1-b8c5-4793-9fd3-c76751d8a367(Step 1) [Activity Step]
2025-04-07 15:52:12,778 - root - DEBUG - xpdl_parser.py:324 - Found transition: 516794c1-b8c5-4793-9fd3-c76751d8a367(Step 1) -> f2307a6f-2cbf-4c31-a92b-1bfe54d47e9f(Step 2) [Activity Step]
2025-04-07 15:52:12,778 - root - DEBUG - xpdl_parser.py:324 - Found transition: f2307a6f-2cbf-4c31-a92b-1bfe54d47e9f(Step 2) -> 90342e2e-2c07-4461-8144-92ff7b67b09f(Step 3) [Activity Step]
2025-04-07 15:52:12,778 - root - DEBUG - xpdl_parser.py:324 - Found transition: 90342e2e-2c07-4461-8144-92ff7b67b09f(Step 3) -> 5578a3da-049b-46d1-ace7-2fc276434a55(Stop [Type: Stop] [Type: Stop]) [Activity Step]
2025-04-07 15:52:12,778 - root - INFO - xpdl_parser.py:353 - Found 5 activities and 4 transitions in XPDL file
2025-04-07 15:52:12,778 - root - INFO - xpdl_parser.py:354 - Generated 4 sequence rows
2025-04-07 15:52:12,778 - root - INFO - xpdl_parser.py:377 - Saved process sequences to process_1_sequences.txt
2025-04-07 15:52:12,778 - root - INFO - process_paths.py:483 - Building process model from sequences
2025-04-07 15:52:12,778 - root - DEBUG - process_paths.py:158 - Added edge: Start -> Step 1 [NORMAL]
2025-04-07 15:52:12,778 - root - DEBUG - process_paths.py:158 - Added edge: Step 1 -> Step 2 [NORMAL]
2025-04-07 15:52:12,778 - root - DEBUG - process_paths.py:158 - Added edge: Step 2 -> Step 3 [NORMAL]
2025-04-07 15:52:12,778 - root - DEBUG - process_paths.py:158 - Added edge: Step 3 -> Stop [NORMAL]
2025-04-07 15:52:12,778 - root - INFO - process_paths.py:181 - Process model built with 5 nodes and 4 edges
2025-04-07 15:52:12,778 - root - INFO - process_paths.py:311 - Identified 1 paths through the process model
2025-04-07 15:52:12,794 - root - INFO - process_paths.py:360 - Process paths written to: process_1_process_paths.txt
2025-04-07 15:52:12,794 - root - INFO - process_paths.py:311 - Identified 1 paths through the process model
2025-04-07 15:52:12,794 - root - INFO - process_paths.py:311 - Identified 1 paths through the process model
2025-04-07 15:52:26,761 - root - INFO - simulation_runner.py:620 - Loading data...
2025-04-07 15:52:26,777 - root - INFO - data_loader.py:31 - Successfully loaded XPDL file: C:/Users/kcmclau.EVOFORGE/Repos/bizagi_simulations/Bizagi/Test Models/process_1.xpdl
2025-04-07 15:52:26,777 - root - INFO - simulation_runner.py:620 - Successfully loaded XPDL from C:/Users/kcmclau.EVOFORGE/Repos/bizagi_simulations/Bizagi/Test Models/process_1.xpdl
2025-04-07 15:52:26,806 - root - INFO - data_loader.py:105 - Successfully loaded metrics from C:/Users/kcmclau.EVOFORGE/Repos/bizagi_simulations/Bizagi/simulation_parameters.xlsx
2025-04-07 15:52:26,806 - root - INFO - data_loader.py:106 - Loaded 5 rows with columns: name, type, resource, available resources, avg time, min time, max time, yes, no, arrival interval, max arrival count
2025-04-07 15:52:26,807 - root - INFO - simulation_runner.py:620 - Successfully loaded metrics from C:/Users/kcmclau.EVOFORGE/Repos/bizagi_simulations/Bizagi/simulation_parameters.xlsx
2025-04-07 15:52:26,816 - root - INFO - data_loader.py:373 - Preprocessed simulation metrics data
2025-04-07 15:52:26,817 - root - INFO - simulation_runner.py:620 - Building process model from XPDL...
2025-04-07 15:52:26,848 - root - INFO - xpdl_parser.py:700 - Loaded metrics from C:/Users/kcmclau.EVOFORGE/Repos/bizagi_simulations/Bizagi/simulation_parameters.xlsx with columns: ['name', 'type', 'resource', 'available resources', 'avg time', 'min time', 'max time', 'yes', 'no', 'arrival interval', 'max arrival count']
2025-04-07 15:52:26,848 - root - DEBUG - xpdl_parser.py:416 - Using namespace: {'xpdl': 'http://www.wfmc.org/2009/XPDL2.2'}
2025-04-07 15:52:26,848 - root - DEBUG - xpdl_parser.py:434 - Found process ID: 7ce0a9cc-4461-4925-bc27-41ea783312e3
2025-04-07 15:52:26,848 - root - DEBUG - xpdl_parser.py:434 - Found process ID: ad265fa3-b69a-4649-9c76-2423c655eba4
2025-04-07 15:52:26,848 - root - DEBUG - xpdl_parser.py:447 - Found 5 activities with namespace and process ID
2025-04-07 15:52:26,853 - root - DEBUG - xpdl_parser.py:545 - Found 4 transitions with namespace and process ID
2025-04-07 15:52:26,856 - root - INFO - xpdl_parser.py:677 - Saved process model JSON to jsons\process_1_sequences.json
2025-04-07 15:52:26,857 - root - INFO - simulation_runner.py:620 - Generated process model JSON at jsons\process_1_sequences.json
2025-04-07 15:52:26,866 - root - INFO - process_builder.py:90 - Built process model from JSON with 5 nodes and 4 edges
2025-04-07 15:52:26,868 - root - INFO - simulation_runner.py:620 - Built graph with 5 nodes and 4 edges
2025-04-07 15:52:26,870 - root - INFO - simulation_runner.py:620 - Converting graph to ProcessModel...
2025-04-07 15:52:26,873 - root - INFO - simulation_runner.py:620 - Built process model with 5 nodes and 4 links
2025-04-07 15:52:26,874 - root - INFO - process_model.py:109 - Found 1 start nodes: ['Start']
2025-04-07 15:52:26,875 - root - INFO - simulation_runner.py:620 - Found 1 start nodes: ['Start']
2025-04-07 15:52:26,876 - root - INFO - simulation_runner.py:620 - Debugging graph structure...
2025-04-07 15:52:26,878 - root - DEBUG - simulation_runner.py:205 - Node: Start -> Successors: ['Step 1']
2025-04-07 15:52:26,895 - root - DEBUG - simulation_runner.py:205 - Node: Step 1 -> Successors: ['Step 2']
2025-04-07 15:52:26,896 - root - DEBUG - simulation_runner.py:205 - Node: Step 2 -> Successors: ['Step 3']
2025-04-07 15:52:26,896 - root - DEBUG - simulation_runner.py:205 - Node: Step 3 -> Successors: ['Stop']
2025-04-07 15:52:26,896 - root - DEBUG - simulation_runner.py:205 - Node: Stop -> Successors: []
2025-04-07 15:52:26,897 - root - INFO - process_model.py:109 - Found 1 start nodes: ['Start']
2025-04-07 15:52:26,898 - root - INFO - simulation_runner.py:620 - Found valid path from Start to Stop: ['Start', 'Step 1', 'Step 2', 'Step 3', 'Stop']
2025-04-07 15:52:26,900 - root - DEBUG - process_model.py:165 - Node Start successors: ['Step 1']
2025-04-07 15:52:26,900 - root - DEBUG - process_model.py:165 - Node Start successors: ['Step 1']
2025-04-07 15:52:26,901 - root - INFO - simulation_runner.py:620 - After validation, start node Start has successors: ['Step 1']
2025-04-07 15:52:26,904 - root - INFO - simulation_runner.py:620 - Process model validation complete
2025-04-07 15:52:26,906 - root - INFO - simulation_runner.py:620 - Computing gateway relationships...
2025-04-07 15:52:26,907 - root - INFO - simulation_runner.py:620 - Setting up simulation...
2025-04-07 15:52:26,907 - root - INFO - process_model.py:220 - Found 2 resources in process model: {'Tech': 1, 'Certifier': 1}
2025-04-07 15:52:26,907 - root - INFO - simulation_engine.py:71 - Initialized resource 'Tech' with 1 instances
2025-04-07 15:52:26,907 - root - INFO - simulation_engine.py:71 - Initialized resource 'Certifier' with 1 instances
2025-04-07 15:52:26,909 - root - INFO - simulation_runner.py:620 - Scheduling tokens...
2025-04-07 15:52:26,909 - root - INFO - simulation_runner.py:620 - Scheduling 10 tokens with triangular distribution...
2025-04-07 15:52:26,912 - root - INFO - process_model.py:109 - Found 1 start nodes: ['Start']
2025-04-07 15:52:26,913 - root - INFO - simulation_runner.py:561 - Scheduling up to 10 tokens over 721 available minutes
2025-04-07 15:52:26,913 - root - INFO - simulation_runner.py:620 - Scheduling up to 10 tokens over 721 available minutes
2025-04-07 15:52:26,914 - root - INFO - simulation_runner.py:608 - Scheduled 1 of 10 tokens
2025-04-07 15:52:26,914 - root - INFO - simulation_runner.py:620 - Scheduled 1 of 10 tokens
2025-04-07 15:52:26,915 - root - INFO - simulation_runner.py:608 - Scheduled 10 of 10 tokens
2025-04-07 15:52:26,916 - root - INFO - simulation_runner.py:620 - Scheduled 10 of 10 tokens
2025-04-07 15:52:26,917 - root - INFO - simulation_runner.py:614 - Successfully scheduled 10 tokens with triangular distribution
2025-04-07 15:52:26,917 - root - INFO - simulation_runner.py:620 - Successfully scheduled 10 tokens with triangular distribution
2025-04-07 15:52:26,919 - root - INFO - simulation_runner.py:620 - Scheduled 10 tokens.
2025-04-07 15:52:26,920 - root - INFO - simulation_runner.py:620 - Running simulation...
2025-04-07 15:52:26,921 - root - DEBUG - simulation_engine.py:203 - Processing event: start for token Token-1 at node Start at time 2025-04-07 07:00:00
2025-04-07 15:52:26,921 - root - DEBUG - simulation_engine.py:237 - Handling start event for token Token-1 at node Start
2025-04-07 15:52:26,921 - root - DEBUG - simulation_engine.py:1006 - Task duration for Start: 5.06 minutes (min=1.0, avg=5.0, max=10.0)
2025-04-07 15:52:26,922 - root - INFO - simulation_engine.py:322 - Token Token-1 started task 'Start' at 2025-04-07 07:00:00, scheduled to end at 2025-04-07 07:05:03.363263 (processing time: 5.06 min)
2025-04-07 15:52:26,922 - root - DEBUG - simulation_engine.py:203 - Processing event: start for token Token-2 at node Start at time 2025-04-07 07:02:23.783037
2025-04-07 15:52:26,922 - root - DEBUG - simulation_engine.py:237 - Handling start event for token Token-2 at node Start
2025-04-07 15:52:26,923 - root - DEBUG - simulation_engine.py:1006 - Task duration for Start: 6.24 minutes (min=1.0, avg=5.0, max=10.0)
2025-04-07 15:52:26,923 - root - INFO - simulation_engine.py:322 - Token Token-2 started task 'Start' at 2025-04-07 07:02:23.783037, scheduled to end at 2025-04-07 07:08:38.193943 (processing time: 6.24 min)
2025-04-07 15:52:26,924 - root - DEBUG - simulation_engine.py:203 - Processing event: start for token Token-3 at node Start at time 2025-04-07 07:04:32.715506
2025-04-07 15:52:26,924 - root - DEBUG - simulation_engine.py:237 - Handling start event for token Token-3 at node Start
2025-04-07 15:52:26,924 - root - DEBUG - simulation_engine.py:1006 - Task duration for Start: 6.10 minutes (min=1.0, avg=5.0, max=10.0)
2025-04-07 15:52:26,925 - root - INFO - simulation_engine.py:322 - Token Token-3 started task 'Start' at 2025-04-07 07:04:32.715506, scheduled to end at 2025-04-07 07:10:38.662315 (processing time: 6.10 min)
2025-04-07 15:52:26,925 - root - DEBUG - simulation_engine.py:203 - Processing event: end for token Token-1 at node Start at time 2025-04-07 07:05:03.363263
2025-04-07 15:52:26,926 - root - DEBUG - process_model.py:165 - Node Start successors: ['Step 1']
2025-04-07 15:52:26,926 - root - DEBUG - simulation_engine.py:416 - Token Token-1 next nodes: ['Step 1']
2025-04-07 15:52:26,926 - root - DEBUG - simulation_engine.py:203 - Processing event: start for token Token-1 at node Step 1 at time 2025-04-07 07:05:03.363263
2025-04-07 15:52:26,927 - root - DEBUG - simulation_engine.py:237 - Handling start event for token Token-1 at node Step 1
2025-04-07 15:52:26,927 - root - DEBUG - simulation_engine.py:273 - Node Step 1 requires resource Tech
2025-04-07 15:52:26,928 - root - DEBUG - resource.py:79 - Resource Tech allocated to token Token-1 at 2025-04-07 07:05:03.363263
2025-04-07 15:52:26,928 - root - DEBUG - simulation_engine.py:281 - Resource Tech allocated to token Token-1
2025-04-07 15:52:26,928 - root - DEBUG - simulation_engine.py:1006 - Task duration for Step 1: 0.82 minutes (min=0.5, avg=1.0, max=2.0)
2025-04-07 15:52:26,929 - root - INFO - simulation_engine.py:322 - Token Token-1 started task 'Step 1' at 2025-04-07 07:05:03.363263, scheduled to end at 2025-04-07 07:05:52.311640 (processing time: 0.82 min)
2025-04-07 15:52:26,930 - root - DEBUG - simulation_engine.py:203 - Processing event: end for token Token-1 at node Step 1 at time 2025-04-07 07:05:52.311640
2025-04-07 15:52:26,931 - root - DEBUG - resource.py:127 - Resource Tech released but no tokens waiting in queue
2025-04-07 15:52:26,933 - root - DEBUG - simulation_engine.py:354 - Released resource Tech from token Token-1
2025-04-07 15:52:26,934 - root - DEBUG - process_model.py:165 - Node Step 1 successors: ['Step 2']
2025-04-07 15:52:26,952 - root - DEBUG - simulation_engine.py:416 - Token Token-1 next nodes: ['Step 2']
2025-04-07 15:52:26,953 - root - DEBUG - simulation_engine.py:203 - Processing event: start for token Token-1 at node Step 2 at time 2025-04-07 07:05:52.311640
2025-04-07 15:52:26,953 - root - DEBUG - simulation_engine.py:237 - Handling start event for token Token-1 at node Step 2
2025-04-07 15:52:26,954 - root - DEBUG - simulation_engine.py:273 - Node Step 2 requires resource Tech
2025-04-07 15:52:26,954 - root - DEBUG - resource.py:79 - Resource Tech allocated to token Token-1 at 2025-04-07 07:05:52.311640
2025-04-07 15:52:26,954 - root - DEBUG - simulation_engine.py:281 - Resource Tech allocated to token Token-1
2025-04-07 15:52:26,955 - root - DEBUG - simulation_engine.py:1006 - Task duration for Step 2: 7.15 minutes (min=3.0, avg=5.0, max=10.0)
2025-04-07 15:52:26,955 - root - INFO - simulation_engine.py:322 - Token Token-1 started task 'Step 2' at 2025-04-07 07:05:52.311640, scheduled to end at 2025-04-07 07:13:01.278206 (processing time: 7.15 min)
2025-04-07 15:52:26,956 - root - DEBUG - simulation_engine.py:203 - Processing event: start for token Token-4 at node Start at time 2025-04-07 07:06:57.252278
2025-04-07 15:52:26,956 - root - DEBUG - simulation_engine.py:237 - Handling start event for token Token-4 at node Start
2025-04-07 15:52:26,956 - root - DEBUG - simulation_engine.py:1006 - Task duration for Start: 9.11 minutes (min=1.0, avg=5.0, max=10.0)
2025-04-07 15:52:26,957 - root - INFO - simulation_engine.py:322 - Token Token-4 started task 'Start' at 2025-04-07 07:06:57.252278, scheduled to end at 2025-04-07 07:16:03.875751 (processing time: 9.11 min)
2025-04-07 15:52:26,957 - root - DEBUG - simulation_engine.py:203 - Processing event: end for token Token-2 at node Start at time 2025-04-07 07:08:38.193943
2025-04-07 15:52:26,958 - root - DEBUG - process_model.py:165 - Node Start successors: ['Step 1']
2025-04-07 15:52:26,958 - root - DEBUG - simulation_engine.py:416 - Token Token-2 next nodes: ['Step 1']
2025-04-07 15:52:26,958 - root - DEBUG - simulation_engine.py:203 - Processing event: start for token Token-2 at node Step 1 at time 2025-04-07 07:08:38.193943
2025-04-07 15:52:26,959 - root - DEBUG - simulation_engine.py:237 - Handling start event for token Token-2 at node Step 1
2025-04-07 15:52:26,959 - root - DEBUG - simulation_engine.py:273 - Node Step 1 requires resource Tech
2025-04-07 15:52:26,959 - root - DEBUG - resource.py:87 - Token Token-2 added to wait queue for resource Tech at position 0
2025-04-07 15:52:26,960 - root - INFO - simulation_engine.py:279 - Token Token-2 waiting for resource 'Tech' at 2025-04-07 07:08:38.193943
2025-04-07 15:52:26,963 - root - DEBUG - simulation_engine.py:203 - Processing event: start for token Token-5 at node Start at time 2025-04-07 07:08:44.431308
2025-04-07 15:52:26,963 - root - DEBUG - simulation_engine.py:237 - Handling start event for token Token-5 at node Start
2025-04-07 15:52:26,964 - root - DEBUG - simulation_engine.py:1006 - Task duration for Start: 8.83 minutes (min=1.0, avg=5.0, max=10.0)
2025-04-07 15:52:26,964 - root - INFO - simulation_engine.py:322 - Token Token-5 started task 'Start' at 2025-04-07 07:08:44.431308, scheduled to end at 2025-04-07 07:17:34.010303 (processing time: 8.83 min)
2025-04-07 15:52:26,964 - root - DEBUG - simulation_engine.py:203 - Processing event: end for token Token-3 at node Start at time 2025-04-07 07:10:38.662315
2025-04-07 15:52:26,965 - root - DEBUG - process_model.py:165 - Node Start successors: ['Step 1']
2025-04-07 15:52:26,965 - root - DEBUG - simulation_engine.py:416 - Token Token-3 next nodes: ['Step 1']
2025-04-07 15:52:26,965 - root - DEBUG - simulation_engine.py:203 - Processing event: start for token Token-3 at node Step 1 at time 2025-04-07 07:10:38.662315
2025-04-07 15:52:26,966 - root - DEBUG - simulation_engine.py:237 - Handling start event for token Token-3 at node Step 1
2025-04-07 15:52:26,966 - root - DEBUG - simulation_engine.py:273 - Node Step 1 requires resource Tech
2025-04-07 15:52:26,966 - root - DEBUG - resource.py:87 - Token Token-3 added to wait queue for resource Tech at position 1
2025-04-07 15:52:26,967 - root - INFO - simulation_engine.py:279 - Token Token-3 waiting for resource 'Tech' at 2025-04-07 07:10:38.662315
2025-04-07 15:52:26,968 - root - DEBUG - simulation_engine.py:203 - Processing event: start for token Token-6 at node Start at time 2025-04-07 07:11:40.931222
2025-04-07 15:52:26,968 - root - DEBUG - simulation_engine.py:237 - Handling start event for token Token-6 at node Start
2025-04-07 15:52:26,969 - root - DEBUG - simulation_engine.py:1006 - Task duration for Start: 5.83 minutes (min=1.0, avg=5.0, max=10.0)
2025-04-07 15:52:26,969 - root - INFO - simulation_engine.py:322 - Token Token-6 started task 'Start' at 2025-04-07 07:11:40.931222, scheduled to end at 2025-04-07 07:17:30.649271 (processing time: 5.83 min)
2025-04-07 15:52:26,970 - root - DEBUG - simulation_engine.py:203 - Processing event: end for token Token-1 at node Step 2 at time 2025-04-07 07:13:01.278206
2025-04-07 15:52:26,970 - root - DEBUG - resource.py:122 - Resource Tech reallocated to waiting token Token-2 from wait queue position 0
2025-04-07 15:52:26,970 - root - DEBUG - simulation_engine.py:354 - Released resource Tech from token Token-1
2025-04-07 15:52:26,972 - root - DEBUG - simulation_engine.py:358 - Allocated resource Tech to waiting token Token-2
2025-04-07 15:52:26,973 - root - INFO - simulation_engine.py:366 - Token Token-2 waited 4.38 minutes for resource
2025-04-07 15:52:26,973 - root - INFO - simulation_engine.py:373 - Token Token-2 released from wait queue for 'Tech'
2025-04-07 15:52:26,973 - root - DEBUG - process_model.py:165 - Node Step 2 successors: ['Step 3']
2025-04-07 15:52:26,974 - root - DEBUG - simulation_engine.py:416 - Token Token-1 next nodes: ['Step 3']
2025-04-07 15:52:26,974 - root - DEBUG - simulation_engine.py:203 - Processing event: start for token Token-1 at node Step 3 at time 2025-04-07 07:13:01.278206
2025-04-07 15:52:26,975 - root - DEBUG - simulation_engine.py:237 - Handling start event for token Token-1 at node Step 3
2025-04-07 15:52:26,975 - root - DEBUG - simulation_engine.py:273 - Node Step 3 requires resource Certifier
2025-04-07 15:52:26,975 - root - DEBUG - resource.py:79 - Resource Certifier allocated to token Token-1 at 2025-04-07 07:13:01.278206
2025-04-07 15:52:26,975 - root - DEBUG - simulation_engine.py:281 - Resource Certifier allocated to token Token-1
2025-04-07 15:52:26,976 - root - DEBUG - simulation_engine.py:1006 - Task duration for Step 3: 2.73 minutes (min=2.0, avg=4.0, max=8.0)
2025-04-07 15:52:26,976 - root - INFO - simulation_engine.py:322 - Token Token-1 started task 'Step 3' at 2025-04-07 07:13:01.278206, scheduled to end at 2025-04-07 07:15:45.005307 (processing time: 2.73 min)
2025-04-07 15:52:26,976 - root - DEBUG - simulation_engine.py:203 - Processing event: start for token Token-2 at node Step 1 at time 2025-04-07 07:13:01.278206
2025-04-07 15:52:26,976 - root - DEBUG - simulation_engine.py:237 - Handling start event for token Token-2 at node Step 1
2025-04-07 15:52:26,976 - root - DEBUG - simulation_engine.py:273 - Node Step 1 requires resource Tech
2025-04-07 15:52:26,976 - root - DEBUG - resource.py:87 - Token Token-2 added to wait queue for resource Tech at position 1
2025-04-07 15:52:26,976 - root - INFO - simulation_engine.py:279 - Token Token-2 waiting for resource 'Tech' at 2025-04-07 07:13:01.278206
2025-04-07 15:52:26,976 - root - DEBUG - simulation_engine.py:203 - Processing event: start for token Token-7 at node Start at time 2025-04-07 07:14:39.202134
2025-04-07 15:52:26,976 - root - DEBUG - simulation_engine.py:237 - Handling start event for token Token-7 at node Start
2025-04-07 15:52:26,979 - root - DEBUG - simulation_engine.py:1006 - Task duration for Start: 1.38 minutes (min=1.0, avg=5.0, max=10.0)
2025-04-07 15:52:26,979 - root - INFO - simulation_engine.py:322 - Token Token-7 started task 'Start' at 2025-04-07 07:14:39.202134, scheduled to end at 2025-04-07 07:16:02.126939 (processing time: 1.38 min)
2025-04-07 15:52:26,979 - root - DEBUG - simulation_engine.py:203 - Processing event: end for token Token-1 at node Step 3 at time 2025-04-07 07:15:45.005307
2025-04-07 15:52:27,000 - root - DEBUG - resource.py:127 - Resource Certifier released but no tokens waiting in queue
2025-04-07 15:52:27,000 - root - DEBUG - simulation_engine.py:354 - Released resource Certifier from token Token-1
2025-04-07 15:52:27,001 - root - DEBUG - process_model.py:165 - Node Step 3 successors: ['Stop']
2025-04-07 15:52:27,001 - root - DEBUG - simulation_engine.py:416 - Token Token-1 next nodes: ['Stop']
2025-04-07 15:52:27,002 - root - DEBUG - simulation_engine.py:203 - Processing event: start for token Token-1 at node Stop at time 2025-04-07 07:15:45.005307
2025-04-07 15:52:27,002 - root - DEBUG - simulation_engine.py:237 - Handling start event for token Token-1 at node Stop
2025-04-07 15:52:27,002 - root - DEBUG - simulation_engine.py:1006 - Task duration for Stop: 3.20 minutes (min=1.0, avg=5.0, max=10.0)
2025-04-07 15:52:27,003 - root - INFO - simulation_engine.py:322 - Token Token-1 started task 'Stop' at 2025-04-07 07:15:45.005307, scheduled to end at 2025-04-07 07:18:56.773435 (processing time: 3.20 min)
2025-04-07 15:52:27,003 - root - DEBUG - simulation_engine.py:203 - Processing event: end for token Token-7 at node Start at time 2025-04-07 07:16:02.126939
2025-04-07 15:52:27,003 - root - DEBUG - process_model.py:165 - Node Start successors: ['Step 1']
2025-04-07 15:52:27,004 - root - DEBUG - simulation_engine.py:416 - Token Token-7 next nodes: ['Step 1']
2025-04-07 15:52:27,004 - root - DEBUG - simulation_engine.py:203 - Processing event: start for token Token-7 at node Step 1 at time 2025-04-07 07:16:02.126939
2025-04-07 15:52:27,005 - root - DEBUG - simulation_engine.py:237 - Handling start event for token Token-7 at node Step 1
2025-04-07 15:52:27,005 - root - DEBUG - simulation_engine.py:273 - Node Step 1 requires resource Tech
2025-04-07 15:52:27,005 - root - DEBUG - resource.py:87 - Token Token-7 added to wait queue for resource Tech at position 2
2025-04-07 15:52:27,006 - root - INFO - simulation_engine.py:279 - Token Token-7 waiting for resource 'Tech' at 2025-04-07 07:16:02.126939
2025-04-07 15:52:27,008 - root - DEBUG - simulation_engine.py:203 - Processing event: end for token Token-4 at node Start at time 2025-04-07 07:16:03.875751
2025-04-07 15:52:27,008 - root - DEBUG - process_model.py:165 - Node Start successors: ['Step 1']
2025-04-07 15:52:27,008 - root - DEBUG - simulation_engine.py:416 - Token Token-4 next nodes: ['Step 1']
2025-04-07 15:52:27,010 - root - DEBUG - simulation_engine.py:203 - Processing event: start for token Token-4 at node Step 1 at time 2025-04-07 07:16:03.875751
2025-04-07 15:52:27,010 - root - DEBUG - simulation_engine.py:237 - Handling start event for token Token-4 at node Step 1
2025-04-07 15:52:27,010 - root - DEBUG - simulation_engine.py:273 - Node Step 1 requires resource Tech
2025-04-07 15:52:27,011 - root - DEBUG - resource.py:87 - Token Token-4 added to wait queue for resource Tech at position 3
2025-04-07 15:52:27,011 - root - INFO - simulation_engine.py:279 - Token Token-4 waiting for resource 'Tech' at 2025-04-07 07:16:03.875751
2025-04-07 15:52:27,011 - root - DEBUG - simulation_engine.py:203 - Processing event: start for token Token-8 at node Start at time 2025-04-07 07:17:12.686278
2025-04-07 15:52:27,012 - root - DEBUG - simulation_engine.py:237 - Handling start event for token Token-8 at node Start
2025-04-07 15:52:27,012 - root - DEBUG - simulation_engine.py:1006 - Task duration for Start: 8.37 minutes (min=1.0, avg=5.0, max=10.0)
2025-04-07 15:52:27,013 - root - INFO - simulation_engine.py:322 - Token Token-8 started task 'Start' at 2025-04-07 07:17:12.686278, scheduled to end at 2025-04-07 07:25:34.923135 (processing time: 8.37 min)
2025-04-07 15:52:27,013 - root - DEBUG - simulation_engine.py:203 - Processing event: end for token Token-6 at node Start at time 2025-04-07 07:17:30.649271
2025-04-07 15:52:27,013 - root - DEBUG - process_model.py:165 - Node Start successors: ['Step 1']
2025-04-07 15:52:27,014 - root - DEBUG - simulation_engine.py:416 - Token Token-6 next nodes: ['Step 1']
2025-04-07 15:52:27,014 - root - DEBUG - simulation_engine.py:203 - Processing event: start for token Token-6 at node Step 1 at time 2025-04-07 07:17:30.649271
2025-04-07 15:52:27,014 - root - DEBUG - simulation_engine.py:237 - Handling start event for token Token-6 at node Step 1
2025-04-07 15:52:27,015 - root - DEBUG - simulation_engine.py:273 - Node Step 1 requires resource Tech
2025-04-07 15:52:27,015 - root - DEBUG - resource.py:87 - Token Token-6 added to wait queue for resource Tech at position 4
2025-04-07 15:52:27,016 - root - INFO - simulation_engine.py:279 - Token Token-6 waiting for resource 'Tech' at 2025-04-07 07:17:30.649271
2025-04-07 15:52:27,016 - root - DEBUG - simulation_engine.py:203 - Processing event: end for token Token-5 at node Start at time 2025-04-07 07:17:34.010303
2025-04-07 15:52:27,016 - root - DEBUG - process_model.py:165 - Node Start successors: ['Step 1']
2025-04-07 15:52:27,017 - root - DEBUG - simulation_engine.py:416 - Token Token-5 next nodes: ['Step 1']
2025-04-07 15:52:27,017 - root - DEBUG - simulation_engine.py:203 - Processing event: start for token Token-5 at node Step 1 at time 2025-04-07 07:17:34.010303
2025-04-07 15:52:27,017 - root - DEBUG - simulation_engine.py:237 - Handling start event for token Token-5 at node Step 1
2025-04-07 15:52:27,018 - root - DEBUG - simulation_engine.py:273 - Node Step 1 requires resource Tech
2025-04-07 15:52:27,018 - root - DEBUG - resource.py:87 - Token Token-5 added to wait queue for resource Tech at position 5
2025-04-07 15:52:27,018 - root - INFO - simulation_engine.py:279 - Token Token-5 waiting for resource 'Tech' at 2025-04-07 07:17:34.010303
2025-04-07 15:52:27,019 - root - DEBUG - simulation_engine.py:203 - Processing event: start for token Token-9 at node Start at time 2025-04-07 07:18:54.285307
2025-04-07 15:52:27,019 - root - DEBUG - simulation_engine.py:237 - Handling start event for token Token-9 at node Start
2025-04-07 15:52:27,020 - root - DEBUG - simulation_engine.py:1006 - Task duration for Start: 4.30 minutes (min=1.0, avg=5.0, max=10.0)
2025-04-07 15:52:27,020 - root - INFO - simulation_engine.py:322 - Token Token-9 started task 'Start' at 2025-04-07 07:18:54.285307, scheduled to end at 2025-04-07 07:23:12.403274 (processing time: 4.30 min)
2025-04-07 15:52:27,020 - root - DEBUG - simulation_engine.py:203 - Processing event: end for token Token-1 at node Stop at time 2025-04-07 07:18:56.773435
2025-04-07 15:52:27,020 - root - DEBUG - process_model.py:163 - Node Stop has no successors
2025-04-07 15:52:27,020 - root - INFO - simulation_engine.py:406 - Token Token-1 has completed the entire process at 2025-04-07 07:18:56.773435. Total processing time: 18.95 minutes (Wait time: 0.00 minutes)
2025-04-07 15:52:27,022 - root - INFO - simulation_runner.py:620 - Processing tokens: 1/10 (10.0%)
2025-04-07 15:52:27,024 - root - INFO - simulation_engine.py:185 - Simulation progress: 10.0%
2025-04-07 15:52:27,025 - root - DEBUG - simulation_engine.py:203 - Processing event: start for token Token-10 at node Start at time 2025-04-07 07:21:12.532952
2025-04-07 15:52:27,026 - root - DEBUG - simulation_engine.py:237 - Handling start event for token Token-10 at node Start
2025-04-07 15:52:27,026 - root - DEBUG - simulation_engine.py:1006 - Task duration for Start: 4.63 minutes (min=1.0, avg=5.0, max=10.0)
2025-04-07 15:52:27,027 - root - INFO - simulation_engine.py:322 - Token Token-10 started task 'Start' at 2025-04-07 07:21:12.532952, scheduled to end at 2025-04-07 07:25:50.368831 (processing time: 4.63 min)
2025-04-07 15:52:27,028 - root - DEBUG - simulation_engine.py:203 - Processing event: end for token Token-9 at node Start at time 2025-04-07 07:23:12.403274
2025-04-07 15:52:27,028 - root - DEBUG - process_model.py:165 - Node Start successors: ['Step 1']
2025-04-07 15:52:27,029 - root - DEBUG - simulation_engine.py:416 - Token Token-9 next nodes: ['Step 1']
2025-04-07 15:52:27,030 - root - DEBUG - simulation_engine.py:203 - Processing event: start for token Token-9 at node Step 1 at time 2025-04-07 07:23:12.403274
2025-04-07 15:52:27,030 - root - DEBUG - simulation_engine.py:237 - Handling start event for token Token-9 at node Step 1
2025-04-07 15:52:27,031 - root - DEBUG - simulation_engine.py:273 - Node Step 1 requires resource Tech
2025-04-07 15:52:27,031 - root - DEBUG - resource.py:87 - Token Token-9 added to wait queue for resource Tech at position 6
2025-04-07 15:52:27,032 - root - INFO - simulation_engine.py:279 - Token Token-9 waiting for resource 'Tech' at 2025-04-07 07:23:12.403274
2025-04-07 15:52:27,032 - root - DEBUG - simulation_engine.py:203 - Processing event: end for token Token-8 at node Start at time 2025-04-07 07:25:34.923135
2025-04-07 15:52:27,032 - root - DEBUG - process_model.py:165 - Node Start successors: ['Step 1']
2025-04-07 15:52:27,033 - root - DEBUG - simulation_engine.py:416 - Token Token-8 next nodes: ['Step 1']
2025-04-07 15:52:27,033 - root - DEBUG - simulation_engine.py:203 - Processing event: start for token Token-8 at node Step 1 at time 2025-04-07 07:25:34.923135
2025-04-07 15:52:27,033 - root - DEBUG - simulation_engine.py:237 - Handling start event for token Token-8 at node Step 1
2025-04-07 15:52:27,034 - root - DEBUG - simulation_engine.py:273 - Node Step 1 requires resource Tech
2025-04-07 15:52:27,034 - root - DEBUG - resource.py:87 - Token Token-8 added to wait queue for resource Tech at position 7
2025-04-07 15:52:27,035 - root - INFO - simulation_engine.py:279 - Token Token-8 waiting for resource 'Tech' at 2025-04-07 07:25:34.923135
2025-04-07 15:52:27,035 - root - DEBUG - simulation_engine.py:203 - Processing event: end for token Token-10 at node Start at time 2025-04-07 07:25:50.368831
2025-04-07 15:52:27,035 - root - DEBUG - process_model.py:165 - Node Start successors: ['Step 1']
2025-04-07 15:52:27,035 - root - DEBUG - simulation_engine.py:416 - Token Token-10 next nodes: ['Step 1']
2025-04-07 15:52:27,036 - root - DEBUG - simulation_engine.py:203 - Processing event: start for token Token-10 at node Step 1 at time 2025-04-07 07:25:50.368831
2025-04-07 15:52:27,036 - root - DEBUG - simulation_engine.py:237 - Handling start event for token Token-10 at node Step 1
2025-04-07 15:52:27,036 - root - DEBUG - simulation_engine.py:273 - Node Step 1 requires resource Tech
2025-04-07 15:52:27,036 - root - DEBUG - resource.py:87 - Token Token-10 added to wait queue for resource Tech at position 8
2025-04-07 15:52:27,036 - root - INFO - simulation_engine.py:279 - Token Token-10 waiting for resource 'Tech' at 2025-04-07 07:25:50.368831
2025-04-07 15:52:27,055 - root - INFO - simulation_runner.py:620 - Simulation complete. Processed 1 of 10 tokens.
2025-04-07 15:52:27,066 - root - INFO - simulation_engine.py:191 - Simulation completed with 1 tokens completed out of 10 started.
2025-04-07 15:52:27,067 - root - INFO - simulation_runner.py:620 - Simulation completed successfully
2025-04-07 15:52:27,069 - root - INFO - simulation_runner.py:620 - Processing results...
2025-04-07 15:52:27,183 - root - INFO - simulation_runner.py:620 - Results exported to process_1_results.xlsx
2025-04-07 16:08:57,647 - root - INFO - config.py:93 - Settings saved to bizagi_simulator_settings.json
2025-04-07 16:08:59,286 - root - INFO - app.py:110 - Application exited normally
