2025-03-08 19:03:21,142 - root - INFO - Logging initialized
2025-03-08 19:03:21,142 - root - INFO - Starting Bizagi Process Simulator
2025-03-08 19:03:21,142 - root - INFO - NetworkX compatibility patch applied
2025-03-08 19:03:21,142 - root - INFO - Settings loaded from bizagi_simulator_settings.json
2025-03-08 19:03:21,142 - root - INFO - Configuration loaded
2025-03-08 19:03:21,481 - root - INFO - Application UI initialized
2025-03-08 19:03:23,701 - root - INFO - Loading data...
2025-03-08 19:03:23,717 - root - INFO - Successfully loaded XPDL file: C:/Users/kcmclau.EVOFORGE/Repos/bizagi_simulations/Bizagi/5.5_1/5.5.13 Real Property-Monthly Reviews-Inclusive.xpdl
2025-03-08 19:03:24,001 - root - INFO - Successfully loaded metrics from C:/Users/kcmclau.EVOFORGE/Repos/bizagi_simulations/Bizagi/simulation_metrics-inclusive.xlsx
2025-03-08 19:03:24,001 - root - INFO - Loaded 8 rows with columns: name, type, resource, available resources, avg time, min time, max time, yes, no, arrival interval, max arrival count
2025-03-08 19:03:24,001 - root - INFO - Preprocessed simulation metrics data
2025-03-08 19:03:24,001 - root - INFO - Building process model from XPDL...
2025-03-08 19:03:24,018 - root - INFO - Converting graph to ProcessModel...
2025-03-08 19:03:24,018 - root - INFO - Built process model with 9 nodes and 11 links
2025-03-08 19:03:24,018 - root - INFO - Found 1 start nodes: ['Monthly']
2025-03-08 19:03:24,034 - root - INFO - Setting up simulation...
2025-03-08 19:03:24,034 - root - INFO - Scheduling tokens...
2025-03-08 19:03:24,034 - root - INFO - Scheduling 10 tokens with triangular distribution...
2025-03-08 19:03:24,233 - root - INFO - Scheduling up to 10 tokens over 77041 available minutes
2025-03-08 19:03:24,233 - root - INFO - Scheduled Token-1 to start at 2025-03-10 08:00:00.
2025-03-08 19:03:24,233 - root - INFO - Scheduled Token-2 to start at 2025-03-10 08:05:30.943590.
2025-03-08 19:03:24,233 - root - INFO - Scheduled Token-3 to start at 2025-03-10 08:11:34.253396.
2025-03-08 19:03:24,233 - root - INFO - Scheduled Token-4 to start at 2025-03-10 08:17:40.521460.
2025-03-08 19:03:24,233 - root - INFO - Scheduled Token-5 to start at 2025-03-10 08:24:04.480356.
2025-03-08 19:03:24,233 - root - INFO - Scheduled Token-6 to start at 2025-03-10 08:29:51.658178.
2025-03-08 19:03:24,233 - root - INFO - Scheduled Token-7 to start at 2025-03-10 08:35:04.588914.
2025-03-08 19:03:24,233 - root - INFO - Scheduled Token-8 to start at 2025-03-10 08:41:01.372181.
2025-03-08 19:03:24,233 - root - INFO - Scheduled Token-9 to start at 2025-03-10 08:46:32.018757.
2025-03-08 19:03:24,233 - root - INFO - Scheduled Token-10 to start at 2025-03-10 08:51:45.040478.
2025-03-08 19:03:24,233 - root - INFO - Scheduled 10 tokens. Running simulation...
2025-03-08 19:03:24,243 - root - INFO - Starting simulation...
2025-03-08 19:03:24,243 - root - INFO - Token Token-1 started task 'Monthly' at 2025-03-10 08:00:00, scheduled to end at 2025-03-10 08:00:00 (processing time: 0.00 min)
2025-03-08 19:03:24,243 - root - INFO - Token Token-1 completed task 'Monthly' at 2025-03-10 08:00:00.
2025-03-08 19:03:24,243 - root - INFO - Token Token-1 started task 'Review AM using Asset Change Tracker (5.5.13.1)' at 2025-03-10 08:00:00, scheduled to end at 2025-03-10 08:08:35.112043 (processing time: 8.59 min)
2025-03-08 19:03:24,243 - root - INFO - Token Token-2 started task 'Monthly' at 2025-03-10 08:05:30.943590, scheduled to end at 2025-03-10 08:05:30.943590 (processing time: 0.00 min)
2025-03-08 19:03:24,243 - root - INFO - Token Token-2 completed task 'Monthly' at 2025-03-10 08:05:30.943590.
2025-03-08 19:03:24,243 - root - INFO - Token Token-2 waiting for resource 'Tech' at 2025-03-10 08:05:30.943590
2025-03-08 19:03:24,243 - root - INFO - Token Token-1 completed task 'Review AM using Asset Change Tracker (5.5.13.1)' at 2025-03-10 08:08:35.112043.
2025-03-08 19:03:24,243 - root - INFO - Token Token-2 released from wait queue for 'Tech'
2025-03-08 19:03:24,243 - root - INFO - Token Token-2 waited 3.07 minutes for resource
2025-03-08 19:03:24,243 - root - INFO - Token Token-2 started task 'Review AM using Asset Change Tracker (5.5.13.1)' at 2025-03-10 08:08:35.112043, scheduled to end at 2025-03-10 08:14:29.904701 (processing time: 5.91 min)
2025-03-08 19:03:24,243 - root - INFO - Token Token-1 started task 'Complete /Accurate?' at 2025-03-10 08:08:35.112043, scheduled to end at 2025-03-10 08:08:35.112043 (processing time: 0.00 min)
2025-03-08 19:03:24,243 - root - INFO - Token Token-1 completed task 'Complete /Accurate?' at 2025-03-10 08:08:35.112043.
2025-03-08 19:03:24,243 - root - INFO - Token Token-1 waiting for resource 'Tech' at 2025-03-10 08:08:35.112043
2025-03-08 19:03:24,243 - root - INFO - Token Token-3 started task 'Monthly' at 2025-03-10 08:11:34.253396, scheduled to end at 2025-03-10 08:11:34.253396 (processing time: 0.00 min)
2025-03-08 19:03:24,243 - root - INFO - Token Token-3 completed task 'Monthly' at 2025-03-10 08:11:34.253396.
2025-03-08 19:03:24,243 - root - INFO - Token Token-3 waiting for resource 'Tech' at 2025-03-10 08:11:34.253396
2025-03-08 19:03:24,243 - root - INFO - Token Token-2 completed task 'Review AM using Asset Change Tracker (5.5.13.1)' at 2025-03-10 08:14:29.904701.
2025-03-08 19:03:24,243 - root - INFO - Token Token-1 released from wait queue for 'Tech'
2025-03-08 19:03:24,243 - root - INFO - Token Token-1 waited 5.91 minutes for resource
2025-03-08 19:03:24,243 - root - INFO - Token Token-1 started task 'Note Accuracy in Asset Change Tracker (5.5.13.2)' at 2025-03-10 08:14:29.904701, scheduled to end at 2025-03-10 08:20:45.044548 (processing time: 6.25 min)
2025-03-08 19:03:24,243 - root - INFO - Token Token-2 started task 'Complete /Accurate?' at 2025-03-10 08:14:29.904701, scheduled to end at 2025-03-10 08:14:29.904701 (processing time: 0.00 min)
2025-03-08 19:03:24,243 - root - INFO - Token Token-2 completed task 'Complete /Accurate?' at 2025-03-10 08:14:29.904701.
2025-03-08 19:03:24,243 - root - INFO - Token Token-2 waiting for resource 'Tech' at 2025-03-10 08:14:29.904701
2025-03-08 19:03:24,253 - root - INFO - Token Token-4 started task 'Monthly' at 2025-03-10 08:17:40.521460, scheduled to end at 2025-03-10 08:17:40.521460 (processing time: 0.00 min)
2025-03-08 19:03:24,253 - root - INFO - Token Token-4 completed task 'Monthly' at 2025-03-10 08:17:40.521460.
2025-03-08 19:03:24,253 - root - INFO - Token Token-4 waiting for resource 'Tech' at 2025-03-10 08:17:40.521460
2025-03-08 19:03:24,253 - root - INFO - Token Token-1 completed task 'Note Accuracy in Asset Change Tracker (5.5.13.2)' at 2025-03-10 08:20:45.044548.
2025-03-08 19:03:24,253 - root - INFO - Token Token-3 released from wait queue for 'Tech'
2025-03-08 19:03:24,253 - root - INFO - Token Token-3 waited 9.18 minutes for resource
2025-03-08 19:03:24,253 - root - INFO - Token Token-3 started task 'Review AM using Asset Change Tracker (5.5.13.1)' at 2025-03-10 08:20:45.044548, scheduled to end at 2025-03-10 08:30:04.855721 (processing time: 9.33 min)
2025-03-08 19:03:24,253 - root - INFO - Token Token-1 started task 'Unknown' at 2025-03-10 08:20:45.044548, scheduled to end at 2025-03-10 08:20:45.044548 (processing time: 0.00 min)
2025-03-08 19:03:24,253 - root - INFO - Token Token-1 completed task 'Unknown' at 2025-03-10 08:20:45.044548.
2025-03-08 19:03:24,253 - root - INFO - Token Token-1 has completed the entire process at 2025-03-10 08:20:45.044548.
2025-03-08 19:03:24,253 - root - INFO - Token Token-5 started task 'Monthly' at 2025-03-10 08:24:04.480356, scheduled to end at 2025-03-10 08:24:04.480356 (processing time: 0.00 min)
2025-03-08 19:03:24,253 - root - INFO - Token Token-5 completed task 'Monthly' at 2025-03-10 08:24:04.480356.
2025-03-08 19:03:24,253 - root - INFO - Token Token-5 waiting for resource 'Tech' at 2025-03-10 08:24:04.480356
2025-03-08 19:03:24,253 - root - INFO - Token Token-6 started task 'Monthly' at 2025-03-10 08:29:51.658178, scheduled to end at 2025-03-10 08:29:51.658178 (processing time: 0.00 min)
2025-03-08 19:03:24,253 - root - INFO - Token Token-6 completed task 'Monthly' at 2025-03-10 08:29:51.658178.
2025-03-08 19:03:24,253 - root - INFO - Token Token-6 waiting for resource 'Tech' at 2025-03-10 08:29:51.658178
2025-03-08 19:03:24,253 - root - INFO - Token Token-3 completed task 'Review AM using Asset Change Tracker (5.5.13.1)' at 2025-03-10 08:30:04.855721.
2025-03-08 19:03:24,253 - root - INFO - Token Token-2 released from wait queue for 'Tech'
2025-03-08 19:03:24,253 - root - INFO - Token Token-2 waited 15.58 minutes for resource
2025-03-08 19:03:24,253 - root - INFO - Token Token-2 started task 'Note Accuracy in Asset Change Tracker (5.5.13.2)' at 2025-03-10 08:30:04.855721, scheduled to end at 2025-03-10 08:35:41.362639 (processing time: 5.61 min)
2025-03-08 19:03:24,253 - root - INFO - Token Token-3 started task 'Complete /Accurate?' at 2025-03-10 08:30:04.855721, scheduled to end at 2025-03-10 08:30:04.855721 (processing time: 0.00 min)
2025-03-08 19:03:24,253 - root - INFO - Token Token-3 completed task 'Complete /Accurate?' at 2025-03-10 08:30:04.855721.
2025-03-08 19:03:24,253 - root - INFO - Token Token-3 waiting for resource 'Tech' at 2025-03-10 08:30:04.855721
2025-03-08 19:03:24,253 - root - INFO - Token Token-7 started task 'Monthly' at 2025-03-10 08:35:04.588914, scheduled to end at 2025-03-10 08:35:04.588914 (processing time: 0.00 min)
2025-03-08 19:03:24,253 - root - INFO - Token Token-7 completed task 'Monthly' at 2025-03-10 08:35:04.588914.
2025-03-08 19:03:24,253 - root - INFO - Token Token-7 waiting for resource 'Tech' at 2025-03-10 08:35:04.588914
2025-03-08 19:03:24,253 - root - INFO - Token Token-2 completed task 'Note Accuracy in Asset Change Tracker (5.5.13.2)' at 2025-03-10 08:35:41.362639.
2025-03-08 19:03:24,253 - root - INFO - Token Token-4 released from wait queue for 'Tech'
2025-03-08 19:03:24,253 - root - INFO - Token Token-4 waited 18.01 minutes for resource
2025-03-08 19:03:24,253 - root - INFO - Token Token-4 started task 'Review AM using Asset Change Tracker (5.5.13.1)' at 2025-03-10 08:35:41.362639, scheduled to end at 2025-03-10 08:42:16.948916 (processing time: 6.59 min)
2025-03-08 19:03:24,253 - root - INFO - Token Token-2 started task 'Unknown' at 2025-03-10 08:35:41.362639, scheduled to end at 2025-03-10 08:35:41.362639 (processing time: 0.00 min)
2025-03-08 19:03:24,253 - root - INFO - Token Token-2 completed task 'Unknown' at 2025-03-10 08:35:41.362639.
2025-03-08 19:03:24,253 - root - INFO - Token Token-2 has completed the entire process at 2025-03-10 08:35:41.362639.
2025-03-08 19:03:24,253 - root - INFO - Token Token-8 started task 'Monthly' at 2025-03-10 08:41:01.372181, scheduled to end at 2025-03-10 08:41:01.372181 (processing time: 0.00 min)
2025-03-08 19:03:24,253 - root - INFO - Token Token-8 completed task 'Monthly' at 2025-03-10 08:41:01.372181.
2025-03-08 19:03:24,253 - root - INFO - Token Token-8 waiting for resource 'Tech' at 2025-03-10 08:41:01.372181
2025-03-08 19:03:24,253 - root - INFO - Token Token-4 completed task 'Review AM using Asset Change Tracker (5.5.13.1)' at 2025-03-10 08:42:16.948916.
2025-03-08 19:03:24,253 - root - INFO - Token Token-5 released from wait queue for 'Tech'
2025-03-08 19:03:24,253 - root - INFO - Token Token-5 waited 18.21 minutes for resource
2025-03-08 19:03:24,253 - root - INFO - Token Token-5 started task 'Review AM using Asset Change Tracker (5.5.13.1)' at 2025-03-10 08:42:16.948916, scheduled to end at 2025-03-10 08:51:31.349825 (processing time: 9.24 min)
2025-03-08 19:03:24,253 - root - INFO - Token Token-4 started task 'Complete /Accurate?' at 2025-03-10 08:42:16.948916, scheduled to end at 2025-03-10 08:42:16.948916 (processing time: 0.00 min)
2025-03-08 19:03:24,253 - root - INFO - Token Token-4 completed task 'Complete /Accurate?' at 2025-03-10 08:42:16.948916.
2025-03-08 19:03:24,253 - root - INFO - Token Token-4 waiting for resource 'Tech' at 2025-03-10 08:42:16.948916
2025-03-08 19:03:24,253 - root - INFO - Token Token-9 started task 'Monthly' at 2025-03-10 08:46:32.018757, scheduled to end at 2025-03-10 08:46:32.018757 (processing time: 0.00 min)
2025-03-08 19:03:24,253 - root - INFO - Token Token-9 completed task 'Monthly' at 2025-03-10 08:46:32.018757.
2025-03-08 19:03:24,253 - root - INFO - Token Token-9 waiting for resource 'Tech' at 2025-03-10 08:46:32.018757
2025-03-08 19:03:24,253 - root - INFO - Token Token-5 completed task 'Review AM using Asset Change Tracker (5.5.13.1)' at 2025-03-10 08:51:31.349825.
2025-03-08 19:03:24,253 - root - INFO - Token Token-6 released from wait queue for 'Tech'
2025-03-08 19:03:24,253 - root - INFO - Token Token-6 waited 21.66 minutes for resource
2025-03-08 19:03:24,253 - root - INFO - Token Token-6 started task 'Review AM using Asset Change Tracker (5.5.13.1)' at 2025-03-10 08:51:31.349825, scheduled to end at 2025-03-10 09:00:50.457500 (processing time: 9.32 min)
2025-03-08 19:03:24,253 - root - INFO - Token Token-5 started task 'Complete /Accurate?' at 2025-03-10 08:51:31.349825, scheduled to end at 2025-03-10 08:51:31.349825 (processing time: 0.00 min)
2025-03-08 19:03:24,253 - root - INFO - Token Token-5 completed task 'Complete /Accurate?' at 2025-03-10 08:51:31.349825.
2025-03-08 19:03:24,253 - root - INFO - Token Token-5 waiting for resource 'Tech' at 2025-03-10 08:51:31.349825
2025-03-08 19:03:24,253 - root - INFO - Token Token-10 started task 'Monthly' at 2025-03-10 08:51:45.040478, scheduled to end at 2025-03-10 08:51:45.040478 (processing time: 0.00 min)
2025-03-08 19:03:24,253 - root - INFO - Token Token-10 completed task 'Monthly' at 2025-03-10 08:51:45.040478.
2025-03-08 19:03:24,253 - root - INFO - Token Token-10 waiting for resource 'Tech' at 2025-03-10 08:51:45.040478
2025-03-08 19:03:24,253 - root - INFO - Token Token-6 completed task 'Review AM using Asset Change Tracker (5.5.13.1)' at 2025-03-10 09:00:50.457500.
2025-03-08 19:03:24,253 - root - INFO - Token Token-3 released from wait queue for 'Tech'
2025-03-08 19:03:24,253 - root - INFO - Token Token-3 waited 30.76 minutes for resource
2025-03-08 19:03:24,253 - root - INFO - Token Token-3 started task 'Note Accuracy in Asset Change Tracker (5.5.13.2)' at 2025-03-10 09:00:50.457500, scheduled to end at 2025-03-10 09:04:25.876744 (processing time: 3.59 min)
2025-03-08 19:03:24,253 - root - INFO - Token Token-6 started task 'Complete /Accurate?' at 2025-03-10 09:00:50.457500, scheduled to end at 2025-03-10 09:00:50.457500 (processing time: 0.00 min)
2025-03-08 19:03:24,253 - root - INFO - Token Token-6 completed task 'Complete /Accurate?' at 2025-03-10 09:00:50.457500.
2025-03-08 19:03:24,253 - root - INFO - Token Token-6 waiting for resource 'Tech' at 2025-03-10 09:00:50.457500
2025-03-08 19:03:24,253 - root - INFO - Token Token-3 completed task 'Note Accuracy in Asset Change Tracker (5.5.13.2)' at 2025-03-10 09:04:25.876744.
2025-03-08 19:03:24,253 - root - INFO - Token Token-7 released from wait queue for 'Tech'
2025-03-08 19:03:24,253 - root - INFO - Token Token-7 waited 29.35 minutes for resource
2025-03-08 19:03:24,253 - root - INFO - Token Token-7 started task 'Review AM using Asset Change Tracker (5.5.13.1)' at 2025-03-10 09:04:25.876744, scheduled to end at 2025-03-10 09:12:20.470427 (processing time: 7.91 min)
2025-03-08 19:03:24,270 - root - INFO - Token Token-3 started task 'Unknown' at 2025-03-10 09:04:25.876744, scheduled to end at 2025-03-10 09:04:25.876744 (processing time: 0.00 min)
2025-03-08 19:03:24,270 - root - INFO - Token Token-3 completed task 'Unknown' at 2025-03-10 09:04:25.876744.
2025-03-08 19:03:24,271 - root - INFO - Token Token-3 has completed the entire process at 2025-03-10 09:04:25.876744.
2025-03-08 19:03:24,271 - root - INFO - Token Token-7 completed task 'Review AM using Asset Change Tracker (5.5.13.1)' at 2025-03-10 09:12:20.470427.
2025-03-08 19:03:24,286 - root - INFO - Token Token-8 released from wait queue for 'Tech'
2025-03-08 19:03:24,286 - root - INFO - Token Token-8 waited 31.32 minutes for resource
2025-03-08 19:03:24,286 - root - INFO - Token Token-8 started task 'Review AM using Asset Change Tracker (5.5.13.1)' at 2025-03-10 09:12:20.470427, scheduled to end at 2025-03-10 09:19:23.144597 (processing time: 7.04 min)
2025-03-08 19:03:24,287 - root - INFO - Token Token-7 started task 'Complete /Accurate?' at 2025-03-10 09:12:20.470427, scheduled to end at 2025-03-10 09:12:20.470427 (processing time: 0.00 min)
2025-03-08 19:03:24,288 - root - INFO - Token Token-7 completed task 'Complete /Accurate?' at 2025-03-10 09:12:20.470427.
2025-03-08 19:03:24,288 - root - INFO - Token Token-7 waiting for resource 'Tech' at 2025-03-10 09:12:20.470427
2025-03-08 19:03:24,288 - root - INFO - Token Token-8 completed task 'Review AM using Asset Change Tracker (5.5.13.1)' at 2025-03-10 09:19:23.144597.
2025-03-08 19:03:24,289 - root - INFO - Token Token-4 released from wait queue for 'Tech'
2025-03-08 19:03:24,289 - root - INFO - Token Token-4 waited 37.10 minutes for resource
2025-03-08 19:03:24,290 - root - INFO - Token Token-4 started task 'Work with REO RPO to Correct (5.5.13.3)' at 2025-03-10 09:19:23.144597, scheduled to end at 2025-03-10 11:55:28.289892 (processing time: 156.09 min)
2025-03-08 19:03:24,290 - root - INFO - Token Token-8 started task 'Complete /Accurate?' at 2025-03-10 09:19:23.144597, scheduled to end at 2025-03-10 09:19:23.144597 (processing time: 0.00 min)
2025-03-08 19:03:24,292 - root - INFO - Token Token-8 completed task 'Complete /Accurate?' at 2025-03-10 09:19:23.144597.
2025-03-08 19:03:24,292 - root - INFO - Token Token-8 waiting for resource 'Tech' at 2025-03-10 09:19:23.144597
2025-03-08 19:03:24,292 - root - INFO - Token Token-4 completed task 'Work with REO RPO to Correct (5.5.13.3)' at 2025-03-10 11:55:28.289892.
2025-03-08 19:03:24,293 - root - INFO - Token Token-9 released from wait queue for 'Tech'
2025-03-08 19:03:24,293 - root - INFO - Token Token-9 waited 188.94 minutes for resource
2025-03-08 19:03:24,293 - root - INFO - Token Token-9 started task 'Review AM using Asset Change Tracker (5.5.13.1)' at 2025-03-10 11:55:28.289892, scheduled to end at 2025-03-10 12:01:20.947036 (processing time: 5.88 min)
2025-03-08 19:03:24,294 - root - INFO - Token Token-4 started task 'Create Journal Entries?' at 2025-03-10 11:55:28.289892, scheduled to end at 2025-03-10 11:55:28.289892 (processing time: 0.00 min)
2025-03-08 19:03:24,294 - root - INFO - Token Token-4 completed task 'Create Journal Entries?' at 2025-03-10 11:55:28.289892.
2025-03-08 19:03:24,295 - root - WARNING - No probability found for condition Post, using default 0.5
2025-03-08 19:03:24,296 - root - WARNING - No probability found for condition Path 3, using default 0.5
2025-03-08 19:03:24,296 - root - INFO - Token Token-4 waiting for resource 'Tech' at 2025-03-10 11:55:28.289892
2025-03-08 19:03:24,297 - root - INFO - Token Token-9 completed task 'Review AM using Asset Change Tracker (5.5.13.1)' at 2025-03-10 12:01:20.947036.
2025-03-08 19:03:24,297 - root - INFO - Token Token-5 released from wait queue for 'Tech'
2025-03-08 19:03:24,297 - root - INFO - Token Token-5 waited 189.83 minutes for resource
2025-03-08 19:03:24,300 - root - INFO - Token Token-5 started task 'Note Accuracy in Asset Change Tracker (5.5.13.2)' at 2025-03-10 12:01:20.947036, scheduled to end at 2025-03-10 12:07:12.293452 (processing time: 5.86 min)
2025-03-08 19:03:24,301 - root - INFO - Token Token-9 started task 'Complete /Accurate?' at 2025-03-10 12:01:20.947036, scheduled to end at 2025-03-10 12:01:20.947036 (processing time: 0.00 min)
2025-03-08 19:03:24,301 - root - INFO - Token Token-9 completed task 'Complete /Accurate?' at 2025-03-10 12:01:20.947036.
2025-03-08 19:03:24,301 - root - INFO - Token Token-9 waiting for resource 'Tech' at 2025-03-10 12:01:20.947036
2025-03-08 19:03:24,304 - root - INFO - Token Token-5 completed task 'Note Accuracy in Asset Change Tracker (5.5.13.2)' at 2025-03-10 12:07:12.293452.
2025-03-08 19:03:24,304 - root - INFO - Token Token-10 released from wait queue for 'Tech'
2025-03-08 19:03:24,305 - root - INFO - Token Token-10 waited 195.45 minutes for resource
2025-03-08 19:03:24,305 - root - INFO - Token Token-10 started task 'Review AM using Asset Change Tracker (5.5.13.1)' at 2025-03-10 12:07:12.293452, scheduled to end at 2025-03-10 12:16:36.923858 (processing time: 9.41 min)
2025-03-08 19:03:24,306 - root - INFO - Token Token-5 started task 'Unknown' at 2025-03-10 12:07:12.293452, scheduled to end at 2025-03-10 12:07:12.293452 (processing time: 0.00 min)
2025-03-08 19:03:24,306 - root - INFO - Token Token-5 completed task 'Unknown' at 2025-03-10 12:07:12.293452.
2025-03-08 19:03:24,307 - root - INFO - Token Token-5 has completed the entire process at 2025-03-10 12:07:12.293452.
2025-03-08 19:03:24,307 - root - INFO - Token Token-10 completed task 'Review AM using Asset Change Tracker (5.5.13.1)' at 2025-03-10 12:16:36.923858.
2025-03-08 19:03:24,308 - root - INFO - Token Token-6 released from wait queue for 'Tech'
2025-03-08 19:03:24,308 - root - INFO - Token Token-6 waited 195.77 minutes for resource
2025-03-08 19:03:24,308 - root - INFO - Token Token-6 started task 'Work with REO RPO to Correct (5.5.13.3)' at 2025-03-10 12:16:36.923858, scheduled to end at 2025-03-11 08:00:00 (processing time: 147.78 min)
2025-03-08 19:03:24,310 - root - INFO - Token Token-10 started task 'Complete /Accurate?' at 2025-03-10 12:16:36.923858, scheduled to end at 2025-03-10 12:16:36.923858 (processing time: 0.00 min)
2025-03-08 19:03:24,310 - root - INFO - Token Token-10 completed task 'Complete /Accurate?' at 2025-03-10 12:16:36.923858.
2025-03-08 19:03:24,310 - root - INFO - Token Token-10 waiting for resource 'Tech' at 2025-03-10 12:16:36.923858
2025-03-08 19:03:24,310 - root - INFO - Token Token-6 completed task 'Work with REO RPO to Correct (5.5.13.3)' at 2025-03-11 08:00:00.
2025-03-08 19:03:24,310 - root - INFO - Token Token-7 released from wait queue for 'Tech'
2025-03-08 19:03:24,310 - root - INFO - Token Token-7 waited 1367.66 minutes for resource
2025-03-08 19:03:24,310 - root - INFO - Token Token-7 started task 'Note Accuracy in Asset Change Tracker (5.5.13.2)' at 2025-03-11 08:00:00, scheduled to end at 2025-03-11 08:06:31.454191 (processing time: 6.52 min)
2025-03-08 19:03:24,310 - root - INFO - Token Token-6 started task 'Create Journal Entries?' at 2025-03-11 08:00:00, scheduled to end at 2025-03-11 08:00:00 (processing time: 0.00 min)
2025-03-08 19:03:24,310 - root - INFO - Token Token-6 completed task 'Create Journal Entries?' at 2025-03-11 08:00:00.
2025-03-08 19:03:24,310 - root - WARNING - No probability found for condition Post, using default 0.5
2025-03-08 19:03:24,310 - root - WARNING - No probability found for condition Path 3, using default 0.5
2025-03-08 19:03:24,310 - root - INFO - Token Token-6 started task 'Create/Post Journal Entries (5.5.13.4)' at 2025-03-11 08:00:00, scheduled to end at 2025-03-11 08:11:10.449691 (processing time: 11.17 min)
2025-03-08 19:03:24,310 - root - INFO - Token Token-6 started task 'Inclusive Path 3' at 2025-03-11 08:00:00, scheduled to end at 2025-03-11 08:01:00.021113 (processing time: 1.00 min)
2025-03-08 19:03:24,310 - root - INFO - Token Token-6 completed task 'Inclusive Path 3' at 2025-03-11 08:01:00.021113.
2025-03-08 19:03:24,310 - root - INFO - Token Token-6 started task 'Unknown' at 2025-03-11 08:01:00.021113, scheduled to end at 2025-03-11 08:01:00.021113 (processing time: 0.00 min)
2025-03-08 19:03:24,310 - root - INFO - Token Token-6 completed task 'Unknown' at 2025-03-11 08:01:00.021113.
2025-03-08 19:03:24,310 - root - INFO - Token Token-6 has completed the entire process at 2025-03-11 08:01:00.021113.
2025-03-08 19:03:24,310 - root - INFO - Token Token-7 completed task 'Note Accuracy in Asset Change Tracker (5.5.13.2)' at 2025-03-11 08:06:31.454191.
2025-03-08 19:03:24,316 - root - INFO - Token Token-8 released from wait queue for 'Tech'
2025-03-08 19:03:24,316 - root - INFO - Token Token-8 waited 1367.14 minutes for resource
2025-03-08 19:03:24,317 - root - INFO - Token Token-8 started task 'Note Accuracy in Asset Change Tracker (5.5.13.2)' at 2025-03-11 08:06:31.454191, scheduled to end at 2025-03-11 08:11:40.720046 (processing time: 5.15 min)
2025-03-08 19:03:24,317 - root - INFO - Token Token-7 started task 'Unknown' at 2025-03-11 08:06:31.454191, scheduled to end at 2025-03-11 08:06:31.454191 (processing time: 0.00 min)
2025-03-08 19:03:24,319 - root - INFO - Token Token-7 completed task 'Unknown' at 2025-03-11 08:06:31.454191.
2025-03-08 19:03:24,319 - root - INFO - Token Token-7 has completed the entire process at 2025-03-11 08:06:31.454191.
2025-03-08 19:03:24,322 - root - INFO - Token Token-8 completed task 'Note Accuracy in Asset Change Tracker (5.5.13.2)' at 2025-03-11 08:11:40.720046.
2025-03-08 19:03:24,323 - root - INFO - Token Token-4 released from wait queue for 'Tech'
2025-03-08 19:03:24,324 - root - INFO - Token Token-4 waited 1216.21 minutes for resource
2025-03-08 19:03:24,324 - root - INFO - Token Token-4 started task 'Note Accuracy in Asset Change Tracker (5.5.13.2)' at 2025-03-11 08:11:40.720046, scheduled to end at 2025-03-11 08:16:33.212745 (processing time: 4.87 min)
2025-03-08 19:03:24,324 - root - INFO - Token Token-8 started task 'Unknown' at 2025-03-11 08:11:40.720046, scheduled to end at 2025-03-11 08:11:40.720046 (processing time: 0.00 min)
2025-03-08 19:03:24,324 - root - INFO - Token Token-8 completed task 'Unknown' at 2025-03-11 08:11:40.720046.
2025-03-08 19:03:24,325 - root - INFO - Token Token-8 has completed the entire process at 2025-03-11 08:11:40.720046.
2025-03-08 19:03:24,325 - root - INFO - Token Token-4 completed task 'Note Accuracy in Asset Change Tracker (5.5.13.2)' at 2025-03-11 08:16:33.212745.
2025-03-08 19:03:24,326 - root - INFO - Token Token-9 released from wait queue for 'Tech'
2025-03-08 19:03:24,326 - root - INFO - Token Token-9 waited 1215.20 minutes for resource
2025-03-08 19:03:24,326 - root - INFO - Token Token-9 started task 'Note Accuracy in Asset Change Tracker (5.5.13.2)' at 2025-03-11 08:16:33.212745, scheduled to end at 2025-03-11 08:21:07.096152 (processing time: 4.56 min)
2025-03-08 19:03:24,327 - root - INFO - Token Token-4 started task 'Unknown' at 2025-03-11 08:16:33.212745, scheduled to end at 2025-03-11 08:16:33.212745 (processing time: 0.00 min)
2025-03-08 19:03:24,329 - root - INFO - Token Token-4 completed task 'Unknown' at 2025-03-11 08:16:33.212745.
2025-03-08 19:03:24,330 - root - INFO - Token Token-4 has completed the entire process at 2025-03-11 08:16:33.212745.
2025-03-08 19:03:24,330 - root - INFO - Token Token-9 completed task 'Note Accuracy in Asset Change Tracker (5.5.13.2)' at 2025-03-11 08:21:07.096152.
2025-03-08 19:03:24,331 - root - INFO - Token Token-10 released from wait queue for 'Tech'
2025-03-08 19:03:24,331 - root - INFO - Token Token-10 waited 1204.50 minutes for resource
2025-03-08 19:03:24,332 - root - INFO - Token Token-10 started task 'Note Accuracy in Asset Change Tracker (5.5.13.2)' at 2025-03-11 08:21:07.096152, scheduled to end at 2025-03-11 08:26:24.554444 (processing time: 5.29 min)
2025-03-08 19:03:24,332 - root - INFO - Token Token-9 started task 'Unknown' at 2025-03-11 08:21:07.096152, scheduled to end at 2025-03-11 08:21:07.096152 (processing time: 0.00 min)
2025-03-08 19:03:24,333 - root - INFO - Token Token-9 completed task 'Unknown' at 2025-03-11 08:21:07.096152.
2025-03-08 19:03:24,333 - root - INFO - Token Token-9 has completed the entire process at 2025-03-11 08:21:07.096152.
2025-03-08 19:03:24,334 - root - INFO - Token Token-10 completed task 'Note Accuracy in Asset Change Tracker (5.5.13.2)' at 2025-03-11 08:26:24.554444.
2025-03-08 19:03:24,334 - root - INFO - Token Token-10 started task 'Unknown' at 2025-03-11 08:26:24.554444, scheduled to end at 2025-03-11 08:26:24.554444 (processing time: 0.00 min)
2025-03-08 19:03:24,335 - root - INFO - Token Token-10 completed task 'Unknown' at 2025-03-11 08:26:24.554444.
2025-03-08 19:03:24,336 - root - INFO - Token Token-10 has completed the entire process at 2025-03-11 08:26:24.554444.
2025-03-08 19:03:24,339 - root - INFO - Simulation complete. Collecting results...
2025-03-08 19:03:24,340 - root - INFO - Processing results...
2025-03-08 19:03:24,460 - root - INFO - Results exported to 5.5.13 Real Property-Monthly Reviews-Inclusive_results.xlsx
2025-03-08 19:14:53,445 - root - INFO - Application exited normally
