2025-03-08 18:58:37,237 - root - INFO - Logging initialized
2025-03-08 18:58:37,237 - root - INFO - Starting Bizagi Process Simulator
2025-03-08 18:58:37,237 - root - INFO - NetworkX compatibility patch applied
2025-03-08 18:58:37,237 - root - INFO - Settings loaded from bizagi_simulator_settings.json
2025-03-08 18:58:37,237 - root - INFO - Configuration loaded
2025-03-08 18:58:37,627 - root - INFO - Application UI initialized
2025-03-08 18:58:39,524 - root - INFO - Loading data...
2025-03-08 18:58:39,536 - root - INFO - Successfully loaded XPDL file: C:/Users/kcmclau.EVOFORGE/Repos/bizagi_simulations/Bizagi/5.5_1/5.5.13 Real Property-Monthly Reviews-Inclusive.xpdl
2025-03-08 18:58:39,816 - root - INFO - Successfully loaded metrics from C:/Users/kcmclau.EVOFORGE/Repos/bizagi_simulations/Bizagi/simulation_metrics-inclusive.xlsx
2025-03-08 18:58:39,816 - root - INFO - Loaded 8 rows with columns: name, type, resource, available resources, avg time, min time, max time, yes, no, arrival interval, max arrival count
2025-03-08 18:58:39,826 - root - INFO - Preprocessed simulation metrics data
2025-03-08 18:58:39,826 - root - INFO - Building process model from XPDL...
2025-03-08 18:58:39,842 - root - INFO - Converting graph to ProcessModel...
2025-03-08 18:58:39,842 - root - INFO - Built process model with 9 nodes and 11 links
2025-03-08 18:58:39,842 - root - INFO - Found 1 start nodes: ['Monthly']
2025-03-08 18:58:39,842 - root - INFO - Setting up simulation...
2025-03-08 18:58:39,842 - root - INFO - Scheduling tokens...
2025-03-08 18:58:39,842 - root - INFO - Scheduling 10 tokens with triangular distribution...
2025-03-08 18:58:40,025 - root - INFO - Scheduling up to 10 tokens over 77041 available minutes
2025-03-08 18:58:40,041 - root - INFO - Scheduled Token-1 to start at 2025-03-10 08:00:00.
2025-03-08 18:58:40,041 - root - INFO - Scheduled Token-2 to start at 2025-03-10 08:05:19.623145.
2025-03-08 18:58:40,041 - root - INFO - Scheduled Token-3 to start at 2025-03-10 08:10:40.833524.
2025-03-08 18:58:40,041 - root - INFO - Scheduled Token-4 to start at 2025-03-10 08:16:43.446186.
2025-03-08 18:58:40,041 - root - INFO - Scheduled Token-5 to start at 2025-03-10 08:22:04.422212.
2025-03-08 18:58:40,041 - root - INFO - Scheduled Token-6 to start at 2025-03-10 08:27:58.313326.
2025-03-08 18:58:40,041 - root - INFO - Scheduled Token-7 to start at 2025-03-10 08:33:33.683921.
2025-03-08 18:58:40,041 - root - INFO - Scheduled Token-8 to start at 2025-03-10 08:39:21.510973.
2025-03-08 18:58:40,041 - root - INFO - Scheduled Token-9 to start at 2025-03-10 08:45:39.304686.
2025-03-08 18:58:40,041 - root - INFO - Scheduled Token-10 to start at 2025-03-10 08:51:23.423039.
2025-03-08 18:58:40,041 - root - INFO - Scheduled 10 tokens. Running simulation...
2025-03-08 18:58:40,041 - root - INFO - Starting simulation...
2025-03-08 18:58:40,051 - root - INFO - Token Token-1 started task 'Monthly' at 2025-03-10 08:00:00, scheduled to end at 2025-03-10 08:00:00 (processing time: 0.00 min)
2025-03-08 18:58:40,051 - root - INFO - Token Token-1 completed task 'Monthly' at 2025-03-10 08:00:00.
2025-03-08 18:58:40,051 - root - INFO - Token Token-1 started task 'Review AM using Asset Change Tracker (5.5.13.1)' at 2025-03-10 08:00:00, scheduled to end at 2025-03-10 08:09:10.670617 (processing time: 9.18 min)
2025-03-08 18:58:40,051 - root - INFO - Token Token-2 started task 'Monthly' at 2025-03-10 08:05:19.623145, scheduled to end at 2025-03-10 08:05:19.623145 (processing time: 0.00 min)
2025-03-08 18:58:40,051 - root - INFO - Token Token-2 completed task 'Monthly' at 2025-03-10 08:05:19.623145.
2025-03-08 18:58:40,051 - root - INFO - Token Token-2 waiting for resource 'Tech' at 2025-03-10 08:05:19.623145
2025-03-08 18:58:40,051 - root - INFO - Token Token-1 completed task 'Review AM using Asset Change Tracker (5.5.13.1)' at 2025-03-10 08:09:10.670617.
2025-03-08 18:58:40,051 - root - INFO - Token Token-2 released from wait queue for 'Tech'
2025-03-08 18:58:40,051 - root - INFO - Token Token-2 waited 3.85 minutes for resource
2025-03-08 18:58:40,051 - root - INFO - Token Token-2 started task 'Review AM using Asset Change Tracker (5.5.13.1)' at 2025-03-10 08:09:10.670617, scheduled to end at 2025-03-10 08:18:02.633141 (processing time: 8.87 min)
2025-03-08 18:58:40,051 - root - INFO - Token Token-1 started task 'Complete /Accurate?' at 2025-03-10 08:09:10.670617, scheduled to end at 2025-03-10 08:09:10.670617 (processing time: 0.00 min)
2025-03-08 18:58:40,051 - root - INFO - Token Token-1 completed task 'Complete /Accurate?' at 2025-03-10 08:09:10.670617.
2025-03-08 18:58:40,051 - root - INFO - Token Token-1 waiting for resource 'Tech' at 2025-03-10 08:09:10.670617
2025-03-08 18:58:40,051 - root - INFO - Token Token-3 started task 'Monthly' at 2025-03-10 08:10:40.833524, scheduled to end at 2025-03-10 08:10:40.833524 (processing time: 0.00 min)
2025-03-08 18:58:40,051 - root - INFO - Token Token-3 completed task 'Monthly' at 2025-03-10 08:10:40.833524.
2025-03-08 18:58:40,051 - root - INFO - Token Token-3 waiting for resource 'Tech' at 2025-03-10 08:10:40.833524
2025-03-08 18:58:40,051 - root - INFO - Token Token-4 started task 'Monthly' at 2025-03-10 08:16:43.446186, scheduled to end at 2025-03-10 08:16:43.446186 (processing time: 0.00 min)
2025-03-08 18:58:40,051 - root - INFO - Token Token-4 completed task 'Monthly' at 2025-03-10 08:16:43.446186.
2025-03-08 18:58:40,051 - root - INFO - Token Token-4 waiting for resource 'Tech' at 2025-03-10 08:16:43.446186
2025-03-08 18:58:40,051 - root - INFO - Token Token-2 completed task 'Review AM using Asset Change Tracker (5.5.13.1)' at 2025-03-10 08:18:02.633141.
2025-03-08 18:58:40,051 - root - INFO - Token Token-1 released from wait queue for 'Tech'
2025-03-08 18:58:40,051 - root - INFO - Token Token-1 waited 8.87 minutes for resource
2025-03-08 18:58:40,051 - root - INFO - Token Token-1 started task 'Work with REO RPO to Correct (5.5.13.3)' at 2025-03-10 08:18:02.633141, scheduled to end at 2025-03-10 09:43:56.192251 (processing time: 85.89 min)
2025-03-08 18:58:40,051 - root - INFO - Token Token-2 started task 'Complete /Accurate?' at 2025-03-10 08:18:02.633141, scheduled to end at 2025-03-10 08:18:02.633141 (processing time: 0.00 min)
2025-03-08 18:58:40,051 - root - INFO - Token Token-2 completed task 'Complete /Accurate?' at 2025-03-10 08:18:02.633141.
2025-03-08 18:58:40,051 - root - INFO - Token Token-2 waiting for resource 'Tech' at 2025-03-10 08:18:02.633141
2025-03-08 18:58:40,051 - root - INFO - Token Token-5 started task 'Monthly' at 2025-03-10 08:22:04.422212, scheduled to end at 2025-03-10 08:22:04.422212 (processing time: 0.00 min)
2025-03-08 18:58:40,051 - root - INFO - Token Token-5 completed task 'Monthly' at 2025-03-10 08:22:04.422212.
2025-03-08 18:58:40,051 - root - INFO - Token Token-5 waiting for resource 'Tech' at 2025-03-10 08:22:04.422212
2025-03-08 18:58:40,051 - root - INFO - Token Token-6 started task 'Monthly' at 2025-03-10 08:27:58.313326, scheduled to end at 2025-03-10 08:27:58.313326 (processing time: 0.00 min)
2025-03-08 18:58:40,051 - root - INFO - Token Token-6 completed task 'Monthly' at 2025-03-10 08:27:58.313326.
2025-03-08 18:58:40,051 - root - INFO - Token Token-6 waiting for resource 'Tech' at 2025-03-10 08:27:58.313326
2025-03-08 18:58:40,051 - root - INFO - Token Token-7 started task 'Monthly' at 2025-03-10 08:33:33.683921, scheduled to end at 2025-03-10 08:33:33.683921 (processing time: 0.00 min)
2025-03-08 18:58:40,051 - root - INFO - Token Token-7 completed task 'Monthly' at 2025-03-10 08:33:33.683921.
2025-03-08 18:58:40,051 - root - INFO - Token Token-7 waiting for resource 'Tech' at 2025-03-10 08:33:33.683921
2025-03-08 18:58:40,051 - root - INFO - Token Token-8 started task 'Monthly' at 2025-03-10 08:39:21.510973, scheduled to end at 2025-03-10 08:39:21.510973 (processing time: 0.00 min)
2025-03-08 18:58:40,051 - root - INFO - Token Token-8 completed task 'Monthly' at 2025-03-10 08:39:21.510973.
2025-03-08 18:58:40,062 - root - INFO - Token Token-8 waiting for resource 'Tech' at 2025-03-10 08:39:21.510973
2025-03-08 18:58:40,062 - root - INFO - Token Token-9 started task 'Monthly' at 2025-03-10 08:45:39.304686, scheduled to end at 2025-03-10 08:45:39.304686 (processing time: 0.00 min)
2025-03-08 18:58:40,063 - root - INFO - Token Token-9 completed task 'Monthly' at 2025-03-10 08:45:39.304686.
2025-03-08 18:58:40,063 - root - INFO - Token Token-9 waiting for resource 'Tech' at 2025-03-10 08:45:39.304686
2025-03-08 18:58:40,064 - root - INFO - Token Token-10 started task 'Monthly' at 2025-03-10 08:51:23.423039, scheduled to end at 2025-03-10 08:51:23.423039 (processing time: 0.00 min)
2025-03-08 18:58:40,064 - root - INFO - Token Token-10 completed task 'Monthly' at 2025-03-10 08:51:23.423039.
2025-03-08 18:58:40,064 - root - INFO - Token Token-10 waiting for resource 'Tech' at 2025-03-10 08:51:23.423039
2025-03-08 18:58:40,070 - root - INFO - Token Token-1 completed task 'Work with REO RPO to Correct (5.5.13.3)' at 2025-03-10 09:43:56.192251.
2025-03-08 18:58:40,071 - root - INFO - Token Token-3 released from wait queue for 'Tech'
2025-03-08 18:58:40,072 - root - INFO - Token Token-3 waited 93.26 minutes for resource
2025-03-08 18:58:40,074 - root - INFO - Token Token-3 started task 'Review AM using Asset Change Tracker (5.5.13.1)' at 2025-03-10 09:43:56.192251, scheduled to end at 2025-03-10 09:52:59.376363 (processing time: 9.05 min)
2025-03-08 18:58:40,075 - root - INFO - Token Token-1 started task 'Create Journal Entries?' at 2025-03-10 09:43:56.192251, scheduled to end at 2025-03-10 09:43:56.192251 (processing time: 0.00 min)
2025-03-08 18:58:40,075 - root - INFO - Token Token-1 completed task 'Create Journal Entries?' at 2025-03-10 09:43:56.192251.
2025-03-08 18:58:40,076 - root - WARNING - No probability found for condition Post, using default 0.5
2025-03-08 18:58:40,076 - root - WARNING - No probability found for condition Path 3, using default 0.5
2025-03-08 18:58:40,077 - root - INFO - Token Token-1 started task 'Create/Post Journal Entries (5.5.13.4)' at 2025-03-10 09:43:56.192251, scheduled to end at 2025-03-10 09:52:48.754252 (processing time: 8.88 min)
2025-03-08 18:58:40,078 - root - INFO - Token Token-1 started task 'Inclusive Path 3' at 2025-03-10 09:43:56.192251, scheduled to end at 2025-03-10 09:44:51.548007 (processing time: 0.92 min)
2025-03-08 18:58:40,079 - root - INFO - Token Token-1 completed task 'Inclusive Path 3' at 2025-03-10 09:44:51.548007.
2025-03-08 18:58:40,086 - root - INFO - Token Token-1 started task 'Unknown' at 2025-03-10 09:44:51.548007, scheduled to end at 2025-03-10 09:44:51.548007 (processing time: 0.00 min)
2025-03-08 18:58:40,087 - root - INFO - Token Token-1 completed task 'Unknown' at 2025-03-10 09:44:51.548007.
2025-03-08 18:58:40,088 - root - INFO - Token Token-1 has completed the entire process at 2025-03-10 09:44:51.548007.
2025-03-08 18:58:40,089 - root - INFO - Token Token-3 completed task 'Review AM using Asset Change Tracker (5.5.13.1)' at 2025-03-10 09:52:59.376363.
2025-03-08 18:58:40,090 - root - INFO - Token Token-4 released from wait queue for 'Tech'
2025-03-08 18:58:40,091 - root - INFO - Token Token-4 waited 96.27 minutes for resource
2025-03-08 18:58:40,091 - root - INFO - Token Token-4 started task 'Review AM using Asset Change Tracker (5.5.13.1)' at 2025-03-10 09:52:59.376363, scheduled to end at 2025-03-10 10:02:29.472725 (processing time: 9.50 min)
2025-03-08 18:58:40,093 - root - INFO - Token Token-3 started task 'Complete /Accurate?' at 2025-03-10 09:52:59.376363, scheduled to end at 2025-03-10 09:52:59.376363 (processing time: 0.00 min)
2025-03-08 18:58:40,094 - root - INFO - Token Token-3 completed task 'Complete /Accurate?' at 2025-03-10 09:52:59.376363.
2025-03-08 18:58:40,095 - root - INFO - Token Token-3 waiting for resource 'Tech' at 2025-03-10 09:52:59.376363
2025-03-08 18:58:40,097 - root - INFO - Token Token-4 completed task 'Review AM using Asset Change Tracker (5.5.13.1)' at 2025-03-10 10:02:29.472725.
2025-03-08 18:58:40,097 - root - INFO - Token Token-2 released from wait queue for 'Tech'
2025-03-08 18:58:40,098 - root - INFO - Token Token-2 waited 104.45 minutes for resource
2025-03-08 18:58:40,100 - root - INFO - Token Token-2 started task 'Note Accuracy in Asset Change Tracker (5.5.13.2)' at 2025-03-10 10:02:29.472725, scheduled to end at 2025-03-10 10:08:59.127714 (processing time: 6.49 min)
2025-03-08 18:58:40,100 - root - INFO - Token Token-4 started task 'Complete /Accurate?' at 2025-03-10 10:02:29.472725, scheduled to end at 2025-03-10 10:02:29.472725 (processing time: 0.00 min)
2025-03-08 18:58:40,100 - root - INFO - Token Token-4 completed task 'Complete /Accurate?' at 2025-03-10 10:02:29.472725.
2025-03-08 18:58:40,101 - root - INFO - Token Token-4 waiting for resource 'Tech' at 2025-03-10 10:02:29.472725
2025-03-08 18:58:40,102 - root - INFO - Token Token-2 completed task 'Note Accuracy in Asset Change Tracker (5.5.13.2)' at 2025-03-10 10:08:59.127714.
2025-03-08 18:58:40,103 - root - INFO - Token Token-5 released from wait queue for 'Tech'
2025-03-08 18:58:40,103 - root - INFO - Token Token-5 waited 106.91 minutes for resource
2025-03-08 18:58:40,103 - root - INFO - Token Token-5 started task 'Review AM using Asset Change Tracker (5.5.13.1)' at 2025-03-10 10:08:59.127714, scheduled to end at 2025-03-10 10:14:44.921414 (processing time: 5.76 min)
2025-03-08 18:58:40,104 - root - INFO - Token Token-2 started task 'Unknown' at 2025-03-10 10:08:59.127714, scheduled to end at 2025-03-10 10:08:59.127714 (processing time: 0.00 min)
2025-03-08 18:58:40,104 - root - INFO - Token Token-2 completed task 'Unknown' at 2025-03-10 10:08:59.127714.
2025-03-08 18:58:40,104 - root - INFO - Token Token-2 has completed the entire process at 2025-03-10 10:08:59.127714.
2025-03-08 18:58:40,105 - root - INFO - Token Token-5 completed task 'Review AM using Asset Change Tracker (5.5.13.1)' at 2025-03-10 10:14:44.921414.
2025-03-08 18:58:40,105 - root - INFO - Token Token-6 released from wait queue for 'Tech'
2025-03-08 18:58:40,105 - root - INFO - Token Token-6 waited 106.78 minutes for resource
2025-03-08 18:58:40,105 - root - INFO - Token Token-6 started task 'Review AM using Asset Change Tracker (5.5.13.1)' at 2025-03-10 10:14:44.921414, scheduled to end at 2025-03-10 10:24:01.925434 (processing time: 9.28 min)
2025-03-08 18:58:40,105 - root - INFO - Token Token-5 started task 'Complete /Accurate?' at 2025-03-10 10:14:44.921414, scheduled to end at 2025-03-10 10:14:44.921414 (processing time: 0.00 min)
2025-03-08 18:58:40,105 - root - INFO - Token Token-5 completed task 'Complete /Accurate?' at 2025-03-10 10:14:44.921414.
2025-03-08 18:58:40,105 - root - INFO - Token Token-5 waiting for resource 'Tech' at 2025-03-10 10:14:44.921414
2025-03-08 18:58:40,105 - root - INFO - Token Token-6 completed task 'Review AM using Asset Change Tracker (5.5.13.1)' at 2025-03-10 10:24:01.925434.
2025-03-08 18:58:40,105 - root - INFO - Token Token-7 released from wait queue for 'Tech'
2025-03-08 18:58:40,105 - root - INFO - Token Token-7 waited 110.47 minutes for resource
2025-03-08 18:58:40,105 - root - INFO - Token Token-7 started task 'Review AM using Asset Change Tracker (5.5.13.1)' at 2025-03-10 10:24:01.925434, scheduled to end at 2025-03-10 10:32:52.404928 (processing time: 8.84 min)
2025-03-08 18:58:40,105 - root - INFO - Token Token-6 started task 'Complete /Accurate?' at 2025-03-10 10:24:01.925434, scheduled to end at 2025-03-10 10:24:01.925434 (processing time: 0.00 min)
2025-03-08 18:58:40,110 - root - INFO - Token Token-6 completed task 'Complete /Accurate?' at 2025-03-10 10:24:01.925434.
2025-03-08 18:58:40,110 - root - INFO - Token Token-6 waiting for resource 'Tech' at 2025-03-10 10:24:01.925434
2025-03-08 18:58:40,111 - root - INFO - Token Token-7 completed task 'Review AM using Asset Change Tracker (5.5.13.1)' at 2025-03-10 10:32:52.404928.
2025-03-08 18:58:40,111 - root - INFO - Token Token-8 released from wait queue for 'Tech'
2025-03-08 18:58:40,111 - root - INFO - Token Token-8 waited 113.51 minutes for resource
2025-03-08 18:58:40,112 - root - INFO - Token Token-8 started task 'Review AM using Asset Change Tracker (5.5.13.1)' at 2025-03-10 10:32:52.404928, scheduled to end at 2025-03-10 10:41:16.450058 (processing time: 8.40 min)
2025-03-08 18:58:40,112 - root - INFO - Token Token-7 started task 'Complete /Accurate?' at 2025-03-10 10:32:52.404928, scheduled to end at 2025-03-10 10:32:52.404928 (processing time: 0.00 min)
2025-03-08 18:58:40,117 - root - INFO - Token Token-7 completed task 'Complete /Accurate?' at 2025-03-10 10:32:52.404928.
2025-03-08 18:58:40,117 - root - INFO - Token Token-7 waiting for resource 'Tech' at 2025-03-10 10:32:52.404928
2025-03-08 18:58:40,118 - root - INFO - Token Token-8 completed task 'Review AM using Asset Change Tracker (5.5.13.1)' at 2025-03-10 10:41:16.450058.
2025-03-08 18:58:40,118 - root - INFO - Token Token-9 released from wait queue for 'Tech'
2025-03-08 18:58:40,118 - root - INFO - Token Token-9 waited 115.62 minutes for resource
2025-03-08 18:58:40,118 - root - INFO - Token Token-9 started task 'Review AM using Asset Change Tracker (5.5.13.1)' at 2025-03-10 10:41:16.450058, scheduled to end at 2025-03-10 10:49:34.944228 (processing time: 8.31 min)
2025-03-08 18:58:40,119 - root - INFO - Token Token-8 started task 'Complete /Accurate?' at 2025-03-10 10:41:16.450058, scheduled to end at 2025-03-10 10:41:16.450058 (processing time: 0.00 min)
2025-03-08 18:58:40,119 - root - INFO - Token Token-8 completed task 'Complete /Accurate?' at 2025-03-10 10:41:16.450058.
2025-03-08 18:58:40,120 - root - INFO - Token Token-8 waiting for resource 'Tech' at 2025-03-10 10:41:16.450058
2025-03-08 18:58:40,123 - root - INFO - Token Token-9 completed task 'Review AM using Asset Change Tracker (5.5.13.1)' at 2025-03-10 10:49:34.944228.
2025-03-08 18:58:40,125 - root - INFO - Token Token-10 released from wait queue for 'Tech'
2025-03-08 18:58:40,126 - root - INFO - Token Token-10 waited 118.19 minutes for resource
2025-03-08 18:58:40,126 - root - INFO - Token Token-10 started task 'Review AM using Asset Change Tracker (5.5.13.1)' at 2025-03-10 10:49:34.944228, scheduled to end at 2025-03-10 10:58:47.951550 (processing time: 9.22 min)
2025-03-08 18:58:40,127 - root - INFO - Token Token-9 started task 'Complete /Accurate?' at 2025-03-10 10:49:34.944228, scheduled to end at 2025-03-10 10:49:34.944228 (processing time: 0.00 min)
2025-03-08 18:58:40,127 - root - INFO - Token Token-9 completed task 'Complete /Accurate?' at 2025-03-10 10:49:34.944228.
2025-03-08 18:58:40,128 - root - INFO - Token Token-9 waiting for resource 'Tech' at 2025-03-10 10:49:34.944228
2025-03-08 18:58:40,128 - root - INFO - Token Token-10 completed task 'Review AM using Asset Change Tracker (5.5.13.1)' at 2025-03-10 10:58:47.951550.
2025-03-08 18:58:40,129 - root - INFO - Token Token-3 released from wait queue for 'Tech'
2025-03-08 18:58:40,129 - root - INFO - Token Token-3 waited 65.81 minutes for resource
2025-03-08 18:58:40,130 - root - INFO - Token Token-3 started task 'Work with REO RPO to Correct (5.5.13.3)' at 2025-03-10 10:58:47.951550, scheduled to end at 2025-03-10 12:01:34.984169 (processing time: 62.78 min)
2025-03-08 18:58:40,130 - root - INFO - Token Token-10 started task 'Complete /Accurate?' at 2025-03-10 10:58:47.951550, scheduled to end at 2025-03-10 10:58:47.951550 (processing time: 0.00 min)
2025-03-08 18:58:40,131 - root - INFO - Token Token-10 completed task 'Complete /Accurate?' at 2025-03-10 10:58:47.951550.
2025-03-08 18:58:40,131 - root - INFO - Token Token-10 waiting for resource 'Tech' at 2025-03-10 10:58:47.951550
2025-03-08 18:58:40,131 - root - INFO - Token Token-3 completed task 'Work with REO RPO to Correct (5.5.13.3)' at 2025-03-10 12:01:34.984169.
2025-03-08 18:58:40,132 - root - INFO - Token Token-4 released from wait queue for 'Tech'
2025-03-08 18:58:40,133 - root - INFO - Token Token-4 waited 119.09 minutes for resource
2025-03-08 18:58:40,134 - root - INFO - Token Token-4 started task 'Work with REO RPO to Correct (5.5.13.3)' at 2025-03-10 12:01:34.984169, scheduled to end at 2025-03-11 08:00:00 (processing time: 133.41 min)
2025-03-08 18:58:40,134 - root - INFO - Token Token-3 started task 'Create Journal Entries?' at 2025-03-10 12:01:34.984169, scheduled to end at 2025-03-10 12:01:34.984169 (processing time: 0.00 min)
2025-03-08 18:58:40,134 - root - INFO - Token Token-3 completed task 'Create Journal Entries?' at 2025-03-10 12:01:34.984169.
2025-03-08 18:58:40,136 - root - WARNING - No probability found for condition Post, using default 0.5
2025-03-08 18:58:40,136 - root - WARNING - No probability found for condition Path 3, using default 0.5
2025-03-08 18:58:40,137 - root - INFO - Token Token-3 waiting for resource 'Certifier' at 2025-03-10 12:01:34.984169
2025-03-08 18:58:40,137 - root - INFO - Token Token-3 waiting for resource 'Tech' at 2025-03-10 12:01:34.984169
2025-03-08 18:58:40,137 - root - INFO - Token Token-4 completed task 'Work with REO RPO to Correct (5.5.13.3)' at 2025-03-11 08:00:00.
2025-03-08 18:58:40,138 - root - INFO - Token Token-5 released from wait queue for 'Tech'
2025-03-08 18:58:40,138 - root - INFO - Token Token-5 waited 1305.25 minutes for resource
2025-03-08 18:58:40,139 - root - INFO - Token Token-5 started task 'Work with REO RPO to Correct (5.5.13.3)' at 2025-03-11 08:00:00, scheduled to end at 2025-03-11 10:32:53.980104 (processing time: 152.90 min)
2025-03-08 18:58:40,139 - root - INFO - Token Token-4 started task 'Create Journal Entries?' at 2025-03-11 08:00:00, scheduled to end at 2025-03-11 08:00:00 (processing time: 0.00 min)
2025-03-08 18:58:40,140 - root - INFO - Token Token-4 completed task 'Create Journal Entries?' at 2025-03-11 08:00:00.
2025-03-08 18:58:40,140 - root - WARNING - No probability found for condition Post, using default 0.5
2025-03-08 18:58:40,141 - root - WARNING - No probability found for condition Path 3, using default 0.5
2025-03-08 18:58:40,141 - root - INFO - Token Token-4 waiting for resource 'Tech' at 2025-03-11 08:00:00
2025-03-08 18:58:40,141 - root - INFO - Token Token-5 completed task 'Work with REO RPO to Correct (5.5.13.3)' at 2025-03-11 10:32:53.980104.
2025-03-08 18:58:40,142 - root - INFO - Token Token-6 released from wait queue for 'Tech'
2025-03-08 18:58:40,142 - root - INFO - Token Token-6 waited 1448.87 minutes for resource
2025-03-08 18:58:40,143 - root - INFO - Token Token-6 started task 'Note Accuracy in Asset Change Tracker (5.5.13.2)' at 2025-03-11 10:32:53.980104, scheduled to end at 2025-03-11 10:38:36.773551 (processing time: 5.71 min)
2025-03-08 18:58:40,143 - root - INFO - Token Token-5 started task 'Create Journal Entries?' at 2025-03-11 10:32:53.980104, scheduled to end at 2025-03-11 10:32:53.980104 (processing time: 0.00 min)
2025-03-08 18:58:40,144 - root - INFO - Token Token-5 completed task 'Create Journal Entries?' at 2025-03-11 10:32:53.980104.
2025-03-08 18:58:40,144 - root - WARNING - No probability found for condition Post, using default 0.5
2025-03-08 18:58:40,145 - root - WARNING - No probability found for condition Path 3, using default 0.5
2025-03-08 18:58:40,145 - root - INFO - Token Token-5 started task 'Inclusive Path 3' at 2025-03-11 10:32:53.980104, scheduled to end at 2025-03-11 10:33:35.792154 (processing time: 0.70 min)
2025-03-08 18:58:40,146 - root - INFO - Token Token-5 completed task 'Inclusive Path 3' at 2025-03-11 10:33:35.792154.
2025-03-08 18:58:40,146 - root - INFO - Token Token-5 started task 'Unknown' at 2025-03-11 10:33:35.792154, scheduled to end at 2025-03-11 10:33:35.792154 (processing time: 0.00 min)
2025-03-08 18:58:40,147 - root - INFO - Token Token-5 completed task 'Unknown' at 2025-03-11 10:33:35.792154.
2025-03-08 18:58:40,148 - root - INFO - Token Token-5 has completed the entire process at 2025-03-11 10:33:35.792154.
2025-03-08 18:58:40,148 - root - INFO - Token Token-6 completed task 'Note Accuracy in Asset Change Tracker (5.5.13.2)' at 2025-03-11 10:38:36.773551.
2025-03-08 18:58:40,157 - root - INFO - Token Token-7 released from wait queue for 'Tech'
2025-03-08 18:58:40,157 - root - INFO - Token Token-7 waited 1445.74 minutes for resource
2025-03-08 18:58:40,158 - root - INFO - Token Token-7 started task 'Note Accuracy in Asset Change Tracker (5.5.13.2)' at 2025-03-11 10:38:36.773551, scheduled to end at 2025-03-11 10:42:42.055446 (processing time: 4.09 min)
2025-03-08 18:58:40,158 - root - INFO - Token Token-6 started task 'Unknown' at 2025-03-11 10:38:36.773551, scheduled to end at 2025-03-11 10:38:36.773551 (processing time: 0.00 min)
2025-03-08 18:58:40,159 - root - INFO - Token Token-6 completed task 'Unknown' at 2025-03-11 10:38:36.773551.
2025-03-08 18:58:40,159 - root - INFO - Token Token-6 has completed the entire process at 2025-03-11 10:38:36.773551.
2025-03-08 18:58:40,160 - root - INFO - Token Token-7 completed task 'Note Accuracy in Asset Change Tracker (5.5.13.2)' at 2025-03-11 10:42:42.055446.
2025-03-08 18:58:40,160 - root - INFO - Token Token-8 released from wait queue for 'Tech'
2025-03-08 18:58:40,161 - root - INFO - Token Token-8 waited 1441.43 minutes for resource
2025-03-08 18:58:40,161 - root - INFO - Token Token-8 started task 'Note Accuracy in Asset Change Tracker (5.5.13.2)' at 2025-03-11 10:42:42.055446, scheduled to end at 2025-03-11 10:48:43.339513 (processing time: 6.02 min)
2025-03-08 18:58:40,162 - root - INFO - Token Token-7 started task 'Unknown' at 2025-03-11 10:42:42.055446, scheduled to end at 2025-03-11 10:42:42.055446 (processing time: 0.00 min)
2025-03-08 18:58:40,162 - root - INFO - Token Token-7 completed task 'Unknown' at 2025-03-11 10:42:42.055446.
2025-03-08 18:58:40,164 - root - INFO - Token Token-7 has completed the entire process at 2025-03-11 10:42:42.055446.
2025-03-08 18:58:40,165 - root - INFO - Token Token-8 completed task 'Note Accuracy in Asset Change Tracker (5.5.13.2)' at 2025-03-11 10:48:43.339513.
2025-03-08 18:58:40,166 - root - INFO - Token Token-9 released from wait queue for 'Tech'
2025-03-08 18:58:40,167 - root - INFO - Token Token-9 waited 1439.14 minutes for resource
2025-03-08 18:58:40,167 - root - INFO - Token Token-9 started task 'Note Accuracy in Asset Change Tracker (5.5.13.2)' at 2025-03-11 10:48:43.339513, scheduled to end at 2025-03-11 10:55:25.922495 (processing time: 6.71 min)
2025-03-08 18:58:40,169 - root - INFO - Token Token-8 started task 'Unknown' at 2025-03-11 10:48:43.339513, scheduled to end at 2025-03-11 10:48:43.339513 (processing time: 0.00 min)
2025-03-08 18:58:40,169 - root - INFO - Token Token-8 completed task 'Unknown' at 2025-03-11 10:48:43.339513.
2025-03-08 18:58:40,169 - root - INFO - Token Token-8 has completed the entire process at 2025-03-11 10:48:43.339513.
2025-03-08 18:58:40,171 - root - INFO - Token Token-9 completed task 'Note Accuracy in Asset Change Tracker (5.5.13.2)' at 2025-03-11 10:55:25.922495.
2025-03-08 18:58:40,172 - root - INFO - Token Token-10 released from wait queue for 'Tech'
2025-03-08 18:58:40,172 - root - INFO - Token Token-10 waited 1436.63 minutes for resource
2025-03-08 18:58:40,173 - root - INFO - Token Token-10 started task 'Note Accuracy in Asset Change Tracker (5.5.13.2)' at 2025-03-11 10:55:25.922495, scheduled to end at 2025-03-11 11:01:23.249919 (processing time: 5.96 min)
2025-03-08 18:58:40,173 - root - INFO - Token Token-9 started task 'Unknown' at 2025-03-11 10:55:25.922495, scheduled to end at 2025-03-11 10:55:25.922495 (processing time: 0.00 min)
2025-03-08 18:58:40,173 - root - INFO - Token Token-9 completed task 'Unknown' at 2025-03-11 10:55:25.922495.
2025-03-08 18:58:40,174 - root - INFO - Token Token-9 has completed the entire process at 2025-03-11 10:55:25.922495.
2025-03-08 18:58:40,174 - root - INFO - Token Token-10 completed task 'Note Accuracy in Asset Change Tracker (5.5.13.2)' at 2025-03-11 11:01:23.249919.
2025-03-08 18:58:40,175 - root - INFO - Token Token-3 released from wait queue for 'Tech'
2025-03-08 18:58:40,175 - root - INFO - Token Token-3 waited 1379.80 minutes for resource
2025-03-08 18:58:40,175 - root - INFO - Token Token-3 started task 'Note Accuracy in Asset Change Tracker (5.5.13.2)' at 2025-03-11 11:01:23.249919, scheduled to end at 2025-03-11 11:07:27.784277 (processing time: 6.08 min)
2025-03-08 18:58:40,175 - root - INFO - Token Token-10 started task 'Unknown' at 2025-03-11 11:01:23.249919, scheduled to end at 2025-03-11 11:01:23.249919 (processing time: 0.00 min)
2025-03-08 18:58:40,175 - root - INFO - Token Token-10 completed task 'Unknown' at 2025-03-11 11:01:23.249919.
2025-03-08 18:58:40,175 - root - INFO - Token Token-10 has completed the entire process at 2025-03-11 11:01:23.249919.
2025-03-08 18:58:40,175 - root - INFO - Token Token-3 completed task 'Note Accuracy in Asset Change Tracker (5.5.13.2)' at 2025-03-11 11:07:27.784277.
2025-03-08 18:58:40,175 - root - INFO - Token Token-4 released from wait queue for 'Tech'
2025-03-08 18:58:40,175 - root - INFO - Token Token-4 waited 187.46 minutes for resource
2025-03-08 18:58:40,175 - root - INFO - Token Token-4 started task 'Note Accuracy in Asset Change Tracker (5.5.13.2)' at 2025-03-11 11:07:27.784277, scheduled to end at 2025-03-11 11:13:37.532144 (processing time: 6.16 min)
2025-03-08 18:58:40,175 - root - INFO - Token Token-3 started task 'Unknown' at 2025-03-11 11:07:27.784277, scheduled to end at 2025-03-11 11:07:27.784277 (processing time: 0.00 min)
2025-03-08 18:58:40,175 - root - INFO - Token Token-3 completed task 'Unknown' at 2025-03-11 11:07:27.784277.
2025-03-08 18:58:40,175 - root - INFO - Token Token-3 has completed the entire process at 2025-03-11 11:07:27.784277.
2025-03-08 18:58:40,175 - root - INFO - Token Token-4 completed task 'Note Accuracy in Asset Change Tracker (5.5.13.2)' at 2025-03-11 11:13:37.532144.
2025-03-08 18:58:40,175 - root - INFO - Token Token-4 started task 'Unknown' at 2025-03-11 11:13:37.532144, scheduled to end at 2025-03-11 11:13:37.532144 (processing time: 0.00 min)
2025-03-08 18:58:40,175 - root - INFO - Token Token-4 completed task 'Unknown' at 2025-03-11 11:13:37.532144.
2025-03-08 18:58:40,179 - root - INFO - Token Token-4 has completed the entire process at 2025-03-11 11:13:37.532144.
2025-03-08 18:58:40,180 - root - INFO - Simulation complete. Collecting results...
2025-03-08 18:58:40,182 - root - INFO - Processing results...
2025-03-08 18:58:40,300 - root - INFO - Results exported to 5.5.13 Real Property-Monthly Reviews-Inclusive_results.xlsx
2025-03-08 18:59:48,217 - root - INFO - Application exited normally
